     â•­â”€â”€â”€â”€â”€â”€â”€â”€â”€â”€â”€â”€â”€â”€â”€â”€â”€â”€â”€â”€â”€â”€â”€â”€â”€â”€â”€â”€â”€â”€â”€â”€â”€â”€â”€â”€â”€â”€â”€â”€â”€â”€â”€â”€â”€â”€â”€â”€â”€â”€â”€â”€â”€â”€â”€â”€â”€â”€â”€â”€â”€â”€â”€â”€â”€â”€â”€â”€â”€â”€â”€â”€â”€â•®
[38;5;247m[1]:[0m â”‚                                                                         â”‚
     â•°â”€â”€â”€â”€â”€â”€â”€â”€â”€â”€â”€â”€â”€â”€â”€â”€â”€â”€â”€â”€â”€â”€â”€â”€â”€â”€â”€â”€â”€â”€â”€â”€â”€â”€â”€â”€â”€â”€â”€â”€â”€â”€â”€â”€â”€â”€â”€â”€â”€â”€â”€â”€â”€â”€â”€â”€â”€â”€â”€â”€â”€â”€â”€â”€â”€â”€â”€â”€â”€â”€â”€â”€â”€â•¯
                                                                                
[38;5;247m[1]:[0m  <AxesSubplot:>                                                            
                                                                                
      ]8;id=624816;file://{{ tempfile_path }}0.png\[94mðŸ–¼ Click to view Image[0m]8;;\                                                     
                                                                                
              [38;2;255;255;255mâ–„â–„â–„â–„â–„â–„â–„â–„[0m[38;2;250;250;250mâ–„[0m[38;2;251;251;251mâ–„[0m[38;2;255;255;255mâ–„â–„â–„â–„â–„â–„â–„â–„â–„â–„[0m[38;2;247;247;247mâ–„[0m[38;2;255;255;255mâ–„â–„â–„â–„â–„â–„â–„â–„â–„â–„â–„[0m[38;2;247;247;247mâ–„[0m[38;2;255;255;255mâ–„â–„â–„â–„â–„â–„â–„â–„â–„â–„[0m[38;2;253;253;253mâ–„[0m[38;2;249;249;249mâ–„[0m[38;2;255;255;255mâ–„â–„â–„â–„â–„â–„â–„â–„â–„â–„[0m[38;2;251;251;251mâ–„[0m[38;2;250;250;250mâ–„[0m[38;2;255;255;255mâ–„â–„â–„â–„â–„â–„â–„â–„[0m 
        [38;2;116;116;116;48;2;115;115;115mâ–€[0m[38;2;115;115;115;48;2;117;117;117mâ–€[0m[38;2;115;115;115mâ–„[0m   [38;2;249;249;249;48;2;250;250;250mâ–€[0m[38;2;255;255;255;48;2;251;251;251mâ–€â–€â–€â–€â–€â–€â–€[0m[38;2;251;251;251;48;2;247;247;247mâ–€[0m[38;2;252;252;252;48;2;247;247;247mâ–€[0m[38;2;255;255;255;48;2;251;251;251mâ–€â–€â–€â–€â–€â–€â–€â–€â–€â–€[0m[38;2;249;249;249;48;2;244;244;244mâ–€[0m[38;2;255;255;255;48;2;251;251;251mâ–€â–€â–€â–€â–€â–€â–€â–€â–€â–€[0m[38;2;255;255;255;48;2;250;250;250mâ–€[0m[38;2;249;249;249;48;2;244;244;244mâ–€[0m[38;2;255;255;255;48;2;251;251;251mâ–€â–€â–€â–€â–€â–€â–€â–€â–€â–€[0m[38;2;254;254;254;48;2;249;249;249mâ–€[0m[38;2;250;250;250;48;2;246;246;246mâ–€[0m[38;2;255;255;255;48;2;251;251;251mâ–€â–€â–€â–€â–€â–€â–€â–€â–€[0m[38;2;255;255;255;48;2;248;247;251mâ–€[0m[38;2;254;255;252;48;2;232;222;246mâ–€[0m[38;2;253;254;251;48;2;231;221;245mâ–€[0m[38;2;255;255;255;48;2;235;224;249mâ–€[0m[38;2;255;255;255;48;2;234;224;249mâ–€[0m[38;2;255;255;255;48;2;237;229;249mâ–€[0m[38;2;255;255;255;48;2;251;250;251mâ–€[0m[38;2;255;255;255;48;2;246;246;246mâ–€[0m[38;2;255;255;255;48;2;240;240;240mâ–€[0m[38;2;255;255;255;48;2;252;252;252mâ–€[0m[38;2;255;255;255;48;2;250;250;250m [0m 
              [48;2;255;255;255m        [0m[48;2;250;250;250m [0m[48;2;251;251;251m [0m[48;2;255;255;255m          [0m[48;2;247;247;247m [0m[48;2;255;255;255m          [0m[48;2;254;254;254m [0m[48;2;247;247;247m [0m[48;2;255;255;255m          [0m[48;2;253;253;253m [0m[48;2;249;249;249m [0m[48;2;255;255;255m         [0m[38;2;246;240;254;48;2;255;255;255mâ–€[0m[38;2;194;157;246;48;2;255;255;251mâ–€[0m[38;2;191;153;246;48;2;254;255;250mâ–€[0m[38;2;195;157;249;48;2;255;255;255mâ–€[0m[38;2;193;155;249;48;2;255;255;255mâ–€[0m[38;2;205;173;250;48;2;255;255;255mâ–€[0m[38;2;254;254;255;48;2;255;255;255mâ–€[0m[38;2;233;234;233;48;2;251;251;251mâ–€[0m[38;2;205;205;205;48;2;247;247;247mâ–€[0m[38;2;205;205;205;48;2;255;255;255m  [0m 
              [48;2;255;255;255m        [0m[48;2;250;250;250m [0m[48;2;251;251;251m [0m[48;2;255;255;255m          [0m[48;2;247;247;247m [0m[48;2;255;255;255m          [0m[48;2;254;254;254m [0m[48;2;247;247;247m [0m[48;2;255;255;255m          [0m[48;2;253;253;253m [0m[48;2;249;249;249m [0m[48;2;255;255;255m         [0m[38;2;255;255;255;48;2;239;249;250mâ–€[0m[38;2;255;253;253;48;2;155;217;221mâ–€[0m[38;2;255;252;252;48;2;150;215;219mâ–€[0m[38;2;255;255;255;48;2;154;218;222mâ–€[0m[38;2;255;255;255;48;2;152;217;221mâ–€[0m[38;2;255;255;255;48;2;171;224;227mâ–€[0m[38;2;255;255;255;48;2;253;255;255mâ–€[0m[38;2;248;248;248;48;2;227;227;227mâ–€[0m[38;2;254;254;254;48;2;216;216;216mâ–€[0m[38;2;254;254;254;48;2;255;255;255m  [0m 
              [38;2;255;255;255;48;2;252;252;252mâ–€[0m[38;2;255;255;255;48;2;254;254;254mâ–€[0m[38;2;255;255;255;48;2;253;253;253mâ–€â–€â–€â–€â–€â–€[0m[38;2;250;250;250;48;2;249;249;249mâ–€[0m[38;2;251;251;251;48;2;250;250;250mâ–€[0m[38;2;255;255;255;48;2;253;253;253mâ–€â–€â–€â–€â–€â–€â–€â–€â–€â–€[0m[38;2;247;247;247;48;2;246;246;246mâ–€[0m[38;2;255;255;255;48;2;253;253;253mâ–€â–€â–€â–€â–€â–€â–€â–€â–€â–€[0m[38;2;254;254;254;48;2;252;252;252mâ–€[0m[38;2;247;247;247;48;2;246;246;246mâ–€[0m[38;2;255;255;255;48;2;253;253;253mâ–€â–€â–€â–€â–€â–€â–€â–€â–€â–€[0m[38;2;253;253;253;48;2;251;251;251mâ–€[0m[38;2;249;249;249;48;2;248;248;248mâ–€[0m[38;2;255;255;255;48;2;253;253;253mâ–€â–€â–€â–€â–€â–€â–€â–€â–€[0m[38;2;251;254;254;48;2;254;253;253mâ–€[0m[38;2;229;243;244;48;2;252;250;250mâ–€[0m[38;2;227;242;243;48;2;251;249;249mâ–€[0m[38;2;232;247;247;48;2;255;254;254mâ–€[0m[38;2;231;246;247;48;2;255;254;254mâ–€[0m[38;2;236;248;249;48;2;255;254;254mâ–€[0m[38;2;255;255;255;48;2;253;253;253mâ–€[0m[38;2;240;240;240;48;2;254;254;254mâ–€[0m[38;2;228;228;228;48;2;255;255;255mâ–€[0m[38;2;255;255;255;48;2;254;254;254mâ–€[0m[38;2;255;255;255;48;2;253;253;253mâ–€[0m 
        [38;2;117;117;117mâ–€[0m[38;2;117;117;117mâ–€[0m[38;2;117;117;117mâ–€[0m   [38;2;248;248;248;48;2;255;255;255mâ–€[0m[38;2;250;250;250;48;2;255;255;255mâ–€[0m[38;2;249;249;249;48;2;255;255;255mâ–€â–€â–€â–€â–€â–€[0m[38;2;245;245;245;48;2;250;250;250mâ–€[0m[38;2;246;246;246;48;2;251;251;251mâ–€[0m[38;2;249;249;249;48;2;255;255;255mâ–€â–€â–€â–€â–€â–€â–€â–€â–€â–€[0m[38;2;242;242;242;48;2;247;247;247mâ–€[0m[38;2;249;249;249;48;2;255;255;255mâ–€â–€â–€â–€â–€â–€â–€â–€â–€â–€[0m[38;2;248;248;248;48;2;254;254;254mâ–€[0m[38;2;242;242;242;48;2;247;247;247mâ–€[0m[38;2;249;249;249;48;2;255;255;255mâ–€â–€â–€â–€â–€â–€â–€â–€â–€â–€[0m[38;2;247;247;247;48;2;253;253;253mâ–€[0m[38;2;244;244;244;48;2;249;249;249mâ–€[0m[38;2;249;249;249;48;2;255;255;255mâ–€â–€â–€â–€â–€â–€â–€â–€â–€â–€[0m[38;2;246;246;246;48;2;251;251;251mâ–€[0m[38;2;245;245;245;48;2;250;250;250mâ–€[0m[38;2;249;249;249;48;2;255;255;255mâ–€â–€â–€â–€â–€â–€[0m[38;2;251;251;251;48;2;255;255;255mâ–€[0m[38;2;248;248;248;48;2;255;255;255mâ–€[0m 
              [48;2;255;255;255m        [0m[48;2;250;250;250m [0m[48;2;251;251;251m [0m[48;2;255;255;255m          [0m[48;2;247;247;247m [0m[48;2;255;255;255m          [0m[48;2;254;254;254m [0m[48;2;247;247;247m [0m[48;2;255;255;255m          [0m[48;2;253;253;253m [0m[48;2;249;249;249m [0m[48;2;255;255;255m          [0m[48;2;251;251;251m [0m[48;2;250;250;250m [0m[48;2;255;255;255m        [0m 
              [48;2;255;255;255m        [0m[48;2;250;250;250m [0m[48;2;251;251;251m [0m[48;2;255;255;255m          [0m[48;2;247;247;247m [0m[48;2;255;255;255m          [0m[48;2;254;254;254m [0m[48;2;247;247;247m [0m[48;2;255;255;255m          [0m[48;2;253;253;253m [0m[48;2;249;249;249m [0m[48;2;255;255;255m          [0m[48;2;251;251;251m [0m[48;2;250;250;250m [0m[48;2;255;255;255m        [0m 
        [38;2;120;120;120mâ–„[0m[38;2;119;119;119mâ–„[0m[38;2;115;115;115mâ–„[0m   [38;2;253;253;253;48;2;247;247;247mâ–€[0m[38;2;254;254;254;48;2;249;249;249mâ–€[0m[38;2;254;254;254;48;2;248;248;248mâ–€â–€â–€â–€â–€â–€[0m[38;2;249;249;249;48;2;244;244;244mâ–€[0m[38;2;250;250;250;48;2;245;245;245mâ–€[0m[38;2;254;254;254;48;2;248;248;248mâ–€â–€â–€â–€â–€â–€â–€â–€â–€â–€[0m[38;2;246;246;246;48;2;242;242;242mâ–€[0m[38;2;254;254;254;48;2;248;248;248mâ–€â–€â–€â–€â–€â–€â–€â–€â–€â–€[0m[38;2;253;253;253;48;2;247;247;247mâ–€[0m[38;2;246;246;246;48;2;242;242;242mâ–€[0m[38;2;254;254;254;48;2;248;248;248mâ–€â–€â–€â–€â–€â–€â–€â–€â–€â–€[0m[38;2;252;252;252;48;2;246;246;246mâ–€[0m[38;2;248;248;248;48;2;243;243;243mâ–€[0m[38;2;254;254;254;48;2;248;248;248mâ–€â–€â–€â–€â–€â–€â–€â–€â–€â–€[0m[38;2;250;250;250;48;2;245;245;245mâ–€[0m[38;2;249;249;249;48;2;244;244;244mâ–€[0m[38;2;254;254;254;48;2;248;248;248mâ–€â–€â–€â–€â–€â–€[0m[38;2;254;254;254;48;2;251;251;251mâ–€[0m[38;2;253;253;253;48;2;247;247;247mâ–€[0m 
              [48;2;255;255;255m        [0m[48;2;250;250;250m [0m[48;2;251;251;251m [0m[48;2;255;255;255m          [0m[48;2;247;247;247m [0m[48;2;255;255;255m          [0m[48;2;254;254;254m [0m[48;2;247;247;247m [0m[48;2;255;255;255m          [0m[48;2;253;253;253m [0m[48;2;249;249;249m [0m[48;2;255;255;255m          [0m[48;2;251;251;251m [0m[48;2;250;250;250m [0m[48;2;255;255;255m        [0m 
              [48;2;255;255;255m        [0m[48;2;250;250;250m [0m[48;2;251;251;251m [0m[48;2;255;255;255m          [0m[48;2;247;247;247m [0m[48;2;255;255;255m          [0m[48;2;254;254;254m [0m[48;2;247;247;247m [0m[48;2;255;255;255m          [0m[48;2;253;253;253m [0m[48;2;249;249;249m [0m[48;2;255;255;255m          [0m[48;2;251;251;251m [0m[48;2;250;250;250m [0m[48;2;255;255;255m        [0m 
              [48;2;255;255;255m        [0m[48;2;250;250;250m [0m[48;2;251;251;251m [0m[48;2;255;255;255m          [0m[48;2;247;247;247m [0m[48;2;255;255;255m          [0m[48;2;254;254;254m [0m[48;2;247;247;247m [0m[48;2;255;255;255m          [0m[48;2;253;253;253m [0m[48;2;249;249;249m [0m[48;2;255;255;255m          [0m[48;2;251;251;251m [0m[48;2;250;250;250m [0m[48;2;255;255;255m        [0m 
        [38;2;116;116;116mâ–€[0m[38;2;114;114;114;48;2;118;118;118mâ–€[0m[38;2;116;116;116mâ–€[0m   [38;2;247;247;247;48;2;253;253;253mâ–€[0m[38;2;249;249;249;48;2;255;255;255mâ–€[0m[38;2;248;248;248;48;2;254;254;254mâ–€â–€â–€â–€â–€â–€[0m[38;2;244;244;244;48;2;250;250;250mâ–€[0m[38;2;245;245;245;48;2;251;251;251mâ–€[0m[38;2;248;248;248;48;2;254;254;254mâ–€â–€â–€â–€â–€â–€â–€â–€â–€â–€[0m[38;2;242;242;242;48;2;247;247;247mâ–€[0m[38;2;248;248;248;48;2;254;254;254mâ–€â–€â–€â–€â–€â–€â–€â–€â–€â–€[0m[38;2;247;247;247;48;2;253;253;253mâ–€[0m[38;2;242;242;242;48;2;247;247;247mâ–€[0m[38;2;248;248;248;48;2;254;254;254mâ–€â–€â–€â–€â–€â–€â–€â–€â–€â–€[0m[38;2;246;246;246;48;2;252;252;252mâ–€[0m[38;2;243;243;243;48;2;249;249;249mâ–€[0m[38;2;248;248;248;48;2;254;254;254mâ–€â–€â–€â–€â–€â–€â–€â–€â–€â–€[0m[38;2;245;245;245;48;2;251;251;251mâ–€[0m[38;2;244;244;244;48;2;250;250;250mâ–€[0m[38;2;248;248;248;48;2;254;254;254mâ–€â–€â–€â–€â–€â–€[0m[38;2;250;250;250;48;2;255;255;255mâ–€[0m[38;2;247;247;247;48;2;255;255;255mâ–€[0m 
              [48;2;255;255;255m        [0m[48;2;250;250;250m [0m[48;2;251;251;251m [0m[48;2;255;255;255m          [0m[48;2;247;247;247m [0m[48;2;255;255;255m          [0m[48;2;254;254;254m [0m[48;2;247;247;247m [0m[48;2;255;255;255m          [0m[48;2;253;253;253m [0m[48;2;249;249;249m [0m[48;2;255;255;255m          [0m[48;2;251;251;251m [0m[48;2;250;250;250m [0m[48;2;255;255;255m        [0m 
              [48;2;255;255;255m        [0m[48;2;250;250;250m [0m[48;2;251;251;251m [0m[48;2;255;255;255m          [0m[48;2;247;247;247m [0m[48;2;255;255;255m          [0m[48;2;254;254;254m [0m[48;2;247;247;247m [0m[48;2;255;255;255m          [0m[48;2;253;253;253m [0m[48;2;249;249;249m [0m[48;2;255;255;255m          [0m[48;2;251;251;251m [0m[48;2;250;250;250m [0m[48;2;255;255;255m        [0m 
        [38;2;114;114;114mâ–„[0m[38;2;115;115;115mâ–„[0m[38;2;118;118;118mâ–„[0m   [38;2;255;255;255;48;2;247;247;247mâ–€[0m[38;2;255;255;255;48;2;249;249;249mâ–€[0m[38;2;255;255;255;48;2;248;248;248mâ–€â–€â–€â–€â–€â–€[0m[38;2;250;250;250;48;2;244;244;244mâ–€[0m[38;2;251;251;251;48;2;245;245;245mâ–€[0m[38;2;255;255;255;48;2;248;248;248mâ–€â–€â–€â–€â–€â–€â–€â–€â–€â–€[0m[38;2;247;247;247;48;2;242;242;242mâ–€[0m[38;2;255;255;255;48;2;248;248;248mâ–€â–€â–€â–€â–€â–€â–€â–€â–€â–€[0m[38;2;254;254;254;48;2;247;247;247mâ–€[0m[38;2;247;247;247;48;2;242;242;242mâ–€[0m[38;2;255;255;255;48;2;248;248;248mâ–€â–€â–€â–€â–€â–€â–€â–€â–€â–€[0m[38;2;253;253;253;48;2;246;246;246mâ–€[0m[38;2;249;249;249;48;2;243;243;243mâ–€[0m[38;2;255;255;255;48;2;248;248;248mâ–€â–€â–€â–€â–€â–€â–€â–€â–€â–€[0m[38;2;251;251;251;48;2;245;245;245mâ–€[0m[38;2;250;250;250;48;2;244;244;244mâ–€[0m[38;2;255;255;255;48;2;248;248;248mâ–€â–€â–€â–€â–€â–€[0m[38;2;255;255;255;48;2;251;251;251mâ–€[0m[38;2;255;255;255;48;2;247;247;247mâ–€[0m 
         [38;2;120;120;120mâ–€[0m    [38;2;253;253;253;48;2;255;255;255mâ–€[0m[38;2;254;254;254;48;2;255;255;255mâ–€â–€â–€â–€â–€â–€â–€[0m[38;2;249;249;249;48;2;250;250;250mâ–€[0m[38;2;250;250;250;48;2;251;251;251mâ–€[0m[38;2;254;254;254;48;2;255;255;255mâ–€â–€â–€â–€â–€â–€â–€â–€â–€â–€[0m[38;2;246;246;246;48;2;247;247;247mâ–€[0m[38;2;254;254;254;48;2;255;255;255mâ–€â–€â–€â–€â–€â–€â–€â–€â–€â–€[0m[38;2;253;253;253;48;2;254;254;254mâ–€[0m[38;2;246;246;246;48;2;247;247;247mâ–€[0m[38;2;254;254;254;48;2;255;255;255mâ–€â–€â–€â–€â–€â–€â–€â–€â–€â–€[0m[38;2;252;252;252;48;2;253;253;253mâ–€[0m[38;2;248;248;248;48;2;249;249;249mâ–€[0m[38;2;254;254;254;48;2;255;255;255mâ–€â–€â–€â–€â–€â–€â–€â–€â–€â–€[0m[38;2;250;250;250;48;2;251;251;251mâ–€[0m[38;2;249;249;249;48;2;250;250;250mâ–€[0m[38;2;254;254;254;48;2;255;255;255mâ–€â–€â–€â–€â–€â–€â–€[0m[38;2;253;253;253;48;2;255;255;255mâ–€[0m 
              [48;2;255;255;255m        [0m[48;2;250;250;250m [0m[48;2;251;251;251m [0m[48;2;255;255;255m          [0m[48;2;247;247;247m [0m[48;2;255;255;255m          [0m[48;2;254;254;254m [0m[48;2;247;247;247m [0m[48;2;255;255;255m          [0m[48;2;253;253;253m [0m[48;2;249;249;249m [0m[48;2;255;255;255m          [0m[48;2;251;251;251m [0m[48;2;250;250;250m [0m[48;2;255;255;255m        [0m 
              [48;2;255;255;255m        [0m[48;2;250;250;250m [0m[48;2;251;251;251m [0m[48;2;255;255;255m          [0m[48;2;247;247;247m [0m[48;2;255;255;255m          [0m[48;2;254;254;254m [0m[48;2;247;247;247m [0m[48;2;255;255;255m          [0m[48;2;253;253;253m [0m[48;2;249;249;249m [0m[48;2;255;255;255m          [0m[48;2;251;251;251m [0m[48;2;250;250;250m [0m[48;2;255;255;255m        [0m 
        [38;2;114;114;114;48;2;119;119;119mâ–€[0m[38;2;119;119;119;48;2;115;115;115mâ–€[0m[38;2;119;119;119mâ–„[0m   [38;2;249;249;249;48;2;252;252;252mâ–€[0m[38;2;251;251;251;48;2;255;255;255mâ–€[0m[38;2;250;250;250;48;2;255;255;255mâ–€â–€â–€â–€â–€â–€[0m[38;2;246;246;246;48;2;255;255;255mâ–€[0m[38;2;247;247;247;48;2;255;255;255mâ–€[0m[38;2;250;250;250;48;2;255;255;255mâ–€â–€â–€â–€â–€â–€â–€â–€â–€â–€[0m[38;2;244;244;244;48;2;252;252;252mâ–€[0m[38;2;250;250;250;48;2;255;255;255mâ–€â–€â–€â–€â–€â–€â–€â–€â–€â–€[0m[38;2;249;249;249;48;2;255;255;255mâ–€[0m[38;2;244;244;244;48;2;252;252;252mâ–€[0m[38;2;250;250;250;48;2;255;255;255mâ–€â–€â–€â–€â–€â–€â–€â–€â–€â–€[0m[38;2;248;248;248;48;2;255;255;255mâ–€[0m[38;2;245;245;245;48;2;254;254;254mâ–€[0m[38;2;250;250;250;48;2;255;255;255mâ–€â–€â–€â–€â–€â–€â–€â–€â–€â–€[0m[38;2;247;247;247;48;2;255;255;255mâ–€[0m[38;2;246;246;246;48;2;255;255;255mâ–€[0m[38;2;250;250;250;48;2;255;255;255mâ–€â–€â–€â–€â–€â–€[0m[38;2;252;252;252;48;2;255;255;255mâ–€[0m[38;2;250;250;250;48;2;253;253;253mâ–€[0m 
              [38;2;220;220;220mâ–€[0m[38;2;222;222;222mâ–€[0m[38;2;221;221;221mâ–€â–€â–€â–€â–€â–€[0m[38;2;217;217;217mâ–€[0m[38;2;218;218;218mâ–€[0m[38;2;221;221;221mâ–€â–€â–€â–€â–€â–€â–€â–€â–€â–€[0m[38;2;214;214;214mâ–€[0m[38;2;221;221;221mâ–€â–€â–€â–€â–€â–€â–€â–€â–€â–€â–€[0m[38;2;214;214;214mâ–€[0m[38;2;221;221;221mâ–€â–€â–€â–€â–€â–€â–€â–€â–€â–€[0m[38;2;219;219;219mâ–€[0m[38;2;217;217;217mâ–€[0m[38;2;221;221;221mâ–€â–€â–€â–€â–€â–€â–€â–€â–€â–€[0m[38;2;218;218;218mâ–€[0m[38;2;217;217;217mâ–€[0m[38;2;221;221;221mâ–€â–€â–€â–€â–€â–€[0m[38;2;222;222;222mâ–€[0m[38;2;217;217;217mâ–€[0m 
                                                                                
                     [38;2;115;115;115mâ–€[0m[38;2;116;116;116mâ–€[0m[38;2;115;115;115mâ–€[0m[38;2;118;118;118mâ–€[0m[38;2;118;118;118mâ–€[0m      [38;2;116;116;116mâ–€[0m[38;2;117;117;117mâ–€[0m[38;2;118;118;118mâ–€[0m[38;2;116;116;116mâ–€[0m[38;2;117;117;117;48;2;115;115;115mâ–€[0m       [38;2;115;115;115mâ–€[0m[38;2;117;117;117mâ–€[0m[38;2;118;118;118mâ–€[0m[38;2;116;116;116mâ–€[0m[38;2;113;113;113mâ–€[0m       [38;2;116;116;116mâ–€[0m[38;2;116;116;116mâ–€[0m[38;2;116;116;116mâ–€[0m[38;2;116;116;116;48;2;119;119;119m [0m        [38;2;116;116;116mâ–€[0m[38;2;114;114;114mâ–€[0m[38;2;115;115;115mâ–€[0m[38;2;116;116;116mâ–€[0m        
                                                                                
