[1;38;5;231;48;5;57m [0m[1;38;5;231;48;5;57mLorem ipsum[0m[1;38;5;231;48;5;57m [0m[1;38;5;231;48;5;57m                                                                   [0m
[2;38;5;57m────────────────────────────────────────────────────────────────────────────────[0m
                                                                                
[3;38;2;137;221;255;49mimport[0m[38;2;238;255;255;49m [0m[38;2;255;203;107;49mmatplotlib[0m[38;2;255;203;107;49m.[0m[38;2;255;203;107;49mpyplot[0m[38;2;238;255;255;49m [0m[38;2;187;128;179;49mas[0m[38;2;238;255;255;49m [0m[38;2;255;203;107;49mplt[0m                                                 
[3;38;2;137;221;255;49mimport[0m[38;2;238;255;255;49m [0m[38;2;255;203;107;49mseaborn[0m[38;2;238;255;255;49m [0m[38;2;187;128;179;49mas[0m[38;2;238;255;255;49m [0m[38;2;255;203;107;49msns[0m                                                           
                                                                                
                                                                                
[1;38;5;37m## [0m[1;38;5;37mCondimentum[0m[1;38;5;37m                                                                  [0m
[2;38;5;37m────────────────────────────────────────────────────────────────────────────────[0m
                                                                                
Lorem ipsum dolor sit amet, [3mconsectetur[0m adipiscing elit, sed do eiusmod tempor  
incididunt ut labore et dolore magna aliqua. Sunt ]8;id=0;https://github.com/paw-lu/nbpreview\[94min culpa qui officia[0m]8;;\ deserunt 
mollit anim id est laborum.                                                     
                                                                                
[38;2;238;255;255;49mfmri[0m[38;2;238;255;255;49m [0m[38;2;137;221;255;49m=[0m[38;2;238;255;255;49m [0m[38;2;238;255;255;49msns[0m[38;2;137;221;255;49m.[0m[38;2;238;255;255;49mload_dataset[0m[38;2;137;221;255;49m([0m[38;2;195;232;141;49m"[0m[38;2;195;232;141;49mfmri[0m[38;2;195;232;141;49m"[0m[38;2;137;221;255;49m)[0m                                                 
[38;2;238;255;255;49mtips[0m[38;2;238;255;255;49m [0m[38;2;137;221;255;49m=[0m[38;2;238;255;255;49m [0m[38;2;238;255;255;49msns[0m[38;2;137;221;255;49m.[0m[38;2;238;255;255;49mload_dataset[0m[38;2;137;221;255;49m([0m[38;2;195;232;141;49m"[0m[38;2;195;232;141;49mtips[0m[38;2;195;232;141;49m"[0m[38;2;137;221;255;49m)[0m                                                 
[38;2;238;255;255;49mfmri[0m[38;2;137;221;255;49m.[0m[38;2;238;255;255;49mhead[0m[38;2;137;221;255;49m([0m[38;2;137;221;255;49m)[0m                                                                     
                                                                                
]8;id=0;file://{{ tempfile_path }}0.html\[94m🌐 Click to view HTML[0m]8;;\                                                           
                                                                                
 [1m [0m   [1msubject[0m   [1mtimepoint[0m   [1mevent[0m   [1m  region[0m   [1m   signal[0m                         
────────────────────────────────────────────────────────                        
 [1m0[0m       s13          18    stim   parietal   -0.017552                         
 [1m1[0m        s5          14    stim   parietal   -0.080883                         
 [1m2[0m       s12          18    stim   parietal   -0.081033                         
 [1m3[0m       s11          18    stim   parietal   -0.046134                         
 [1m4[0m       s10          18    stim   parietal   -0.037970                         
                                                                                
[38;2;238;255;255;49m_[0m[38;2;137;221;255;49m,[0m[38;2;238;255;255;49m [0m[38;2;137;221;255;49m([0m[38;2;238;255;255;49max_line[0m[38;2;137;221;255;49m,[0m[38;2;238;255;255;49m [0m[38;2;238;255;255;49max_box[0m[38;2;137;221;255;49m)[0m[38;2;238;255;255;49m [0m[38;2;137;221;255;49m=[0m[38;2;238;255;255;49m [0m[38;2;238;255;255;49mplt[0m[38;2;137;221;255;49m.[0m[38;2;238;255;255;49msubplots[0m[38;2;137;221;255;49m([0m[38;2;238;255;255;49mncols[0m[38;2;137;221;255;49m=[0m[38;2;247;140;108;49m2[0m[38;2;137;221;255;49m,[0m[38;2;238;255;255;49m [0m[38;2;238;255;255;49mfacecolor[0m[38;2;137;221;255;49m=[0m[38;2;195;232;141;49m"[0m[38;2;195;232;141;49m#1C1B1F[0m[38;2;195;232;141;49m"[0m[38;2;137;221;255;49m,[0m[38;2;238;255;255;49m [0m[38;2;238;255;255;49mfigsize[0m[38;2;137;221;255;49m=[0m[38;2;137;221;255;49m([0m[38;2;247;140;108;49m20[0m[38;2;137;221;255;49m,[0m[38;2;238;255;255;49m [0m[38;2;247;140;108;49m…[0m
[38;2;137;221;255;49m([0m                                                                               
[38;2;238;255;255;49m    [0m[38;2;238;255;255;49mfmri[0m[38;2;137;221;255;49m.[0m[38;2;238;255;255;49mpipe[0m[38;2;137;221;255;49m([0m                                                                  
[38;2;238;255;255;49m        [0m[38;2;137;221;255;49m([0m[38;2;238;255;255;49msns[0m[38;2;137;221;255;49m.[0m[38;2;238;255;255;49mlineplot[0m[38;2;137;221;255;49m,[0m[38;2;238;255;255;49m [0m[38;2;195;232;141;49m"[0m[38;2;195;232;141;49mdata[0m[38;2;195;232;141;49m"[0m[38;2;137;221;255;49m)[0m[38;2;137;221;255;49m,[0m                                                 
[38;2;238;255;255;49m        [0m[38;2;238;255;255;49mx[0m[38;2;137;221;255;49m=[0m[38;2;195;232;141;49m"[0m[38;2;195;232;141;49mtimepoint[0m[38;2;195;232;141;49m"[0m[38;2;137;221;255;49m,[0m                                                          
[38;2;238;255;255;49m        [0m[38;2;238;255;255;49my[0m[38;2;137;221;255;49m=[0m[38;2;195;232;141;49m"[0m[38;2;195;232;141;49msignal[0m[38;2;195;232;141;49m"[0m[38;2;137;221;255;49m,[0m                                                             
[38;2;238;255;255;49m        [0m[38;2;238;255;255;49mhue[0m[38;2;137;221;255;49m=[0m[38;2;195;232;141;49m"[0m[38;2;195;232;141;49mevent[0m[38;2;195;232;141;49m"[0m[38;2;137;221;255;49m,[0m                                                            
[38;2;238;255;255;49m        [0m[38;2;238;255;255;49max[0m[38;2;137;221;255;49m=[0m[38;2;238;255;255;49max_line[0m[38;2;137;221;255;49m,[0m                                                             
[38;2;238;255;255;49m        [0m[38;2;238;255;255;49merr_kws[0m[38;2;137;221;255;49m=[0m[38;2;137;221;255;49m{[0m[38;2;195;232;141;49m"[0m[38;2;195;232;141;49malpha[0m[38;2;195;232;141;49m"[0m[38;2;137;221;255;49m:[0m[38;2;238;255;255;49m [0m[38;2;247;140;108;49m1[0m[38;2;137;221;255;49m}[0m[38;2;137;221;255;49m,[0m                                                   
[38;2;238;255;255;49m    [0m[38;2;137;221;255;49m)[0m[38;2;137;221;255;49m.[0m[38;2;238;255;255;49mset[0m[38;2;137;221;255;49m([0m                                                                      
[38;2;238;255;255;49m        [0m[38;2;238;255;255;49mxlabel[0m[38;2;137;221;255;49m=[0m[38;2;137;221;255;49mNone[0m[38;2;137;221;255;49m,[0m                                                            
[38;2;238;255;255;49m        [0m[38;2;238;255;255;49mylabel[0m[38;2;137;221;255;49m=[0m[38;2;137;221;255;49mNone[0m[38;2;137;221;255;49m,[0m                                                            
[38;2;238;255;255;49m        [0m[38;2;238;255;255;49myticks[0m[38;2;137;221;255;49m=[0m[38;2;137;221;255;49m[[0m[38;2;137;221;255;49m][0m[38;2;137;221;255;49m,[0m                                                              
[38;2;238;255;255;49m        [0m[38;2;238;255;255;49mxticks[0m[38;2;137;221;255;49m=[0m[38;2;137;221;255;49m[[0m[38;2;137;221;255;49m][0m[38;2;137;221;255;49m,[0m                                                              
[38;2;238;255;255;49m    [0m[38;2;137;221;255;49m)[0m                                                                           
[38;2;137;221;255;49m)[0m                                                                               
                                                                                
[38;2;137;221;255;49m([0m                                                                               
[38;2;238;255;255;49m    [0m[38;2;238;255;255;49mtips[0m[38;2;137;221;255;49m.[0m[38;2;238;255;255;49mpipe[0m[38;2;137;221;255;49m([0m                                                                  
[38;2;238;255;255;49m        [0m[38;2;137;221;255;49m([0m[38;2;238;255;255;49msns[0m[38;2;137;221;255;49m.[0m[38;2;238;255;255;49mboxplot[0m[38;2;137;221;255;49m,[0m[38;2;238;255;255;49m [0m[38;2;195;232;141;49m"[0m[38;2;195;232;141;49mdata[0m[38;2;195;232;141;49m"[0m[38;2;137;221;255;49m)[0m[38;2;137;221;255;49m,[0m                                                  
[38;2;238;255;255;49m        [0m[38;2;238;255;255;49mx[0m[38;2;137;221;255;49m=[0m[38;2;195;232;141;49m"[0m[38;2;195;232;141;49mday[0m[38;2;195;232;141;49m"[0m[38;2;137;221;255;49m,[0m                                                                
[38;2;238;255;255;49m        [0m[38;2;238;255;255;49my[0m[38;2;137;221;255;49m=[0m[38;2;195;232;141;49m"[0m[38;2;195;232;141;49mtotal_bill[0m[38;2;195;232;141;49m"[0m[38;2;137;221;255;49m,[0m                                                         
[38;2;238;255;255;49m        [0m[38;2;238;255;255;49mhue[0m[38;2;137;221;255;49m=[0m[38;2;195;232;141;49m"[0m[38;2;195;232;141;49msmoker[0m[38;2;195;232;141;49m"[0m[38;2;137;221;255;49m,[0m                                                           
[38;2;238;255;255;49m        [0m[38;2;238;255;255;49max[0m[38;2;137;221;255;49m=[0m[38;2;238;255;255;49max_box[0m[38;2;137;221;255;49m,[0m                                                              
[38;2;238;255;255;49m    [0m[38;2;137;221;255;49m)[0m[38;2;137;221;255;49m.[0m[38;2;238;255;255;49mset[0m[38;2;137;221;255;49m([0m                                                                      
[38;2;238;255;255;49m        [0m[38;2;238;255;255;49mxlabel[0m[38;2;137;221;255;49m=[0m[38;2;137;221;255;49mNone[0m[38;2;137;221;255;49m,[0m                                                            
[38;2;238;255;255;49m        [0m[38;2;238;255;255;49mylabel[0m[38;2;137;221;255;49m=[0m[38;2;137;221;255;49mNone[0m[38;2;137;221;255;49m,[0m                                                            
[38;2;238;255;255;49m        [0m[38;2;238;255;255;49myticks[0m[38;2;137;221;255;49m=[0m[38;2;137;221;255;49m[[0m[38;2;137;221;255;49m][0m[38;2;137;221;255;49m,[0m                                                              
[38;2;238;255;255;49m        [0m[38;2;238;255;255;49mxticks[0m[38;2;137;221;255;49m=[0m[38;2;137;221;255;49m[[0m[38;2;137;221;255;49m][0m[38;2;137;221;255;49m,[0m                                                              
[38;2;238;255;255;49m    [0m[38;2;137;221;255;49m)[0m                                                                           
[38;2;137;221;255;49m)[0m                                                                               
                                                                                
[Text(0.5, 0, ''), Text(0, 0.5, ''), [], []]                                    
                                                                                
]8;id=0;file://{{ tempfile_path }}1.png\[94m🖼 Click to view Image[0m]8;;\                                                           
                                                                                
[48;2;28;27;31m          [0m[38;2;28;27;31;48;2;27;27;30m▀[0m[38;2;28;27;31;48;2;23;22;24m▀[0m[38;2;24;24;27;48;2;51;48;60m▀[0m[38;2;26;25;29;48;2;38;36;44m▀[0m[38;2;28;27;31;48;2;27;26;29m▀[0m[38;2;28;27;31;48;2;28;27;31m                [0m[38;2;28;27;31;48;2;26;25;29m▀[0m[38;2;28;27;31;48;2;34;33;36m▀[0m[38;2;27;26;30;48;2;60;59;62m▀[0m[38;2;28;27;31;48;2;40;39;43m▀[0m[38;2;28;27;31;48;2;25;24;28m▀[0m[38;2;28;27;31;48;2;28;27;31m        [0m[38;2;28;27;31;48;2;26;25;28m▀[0m[38;2;27;26;30;48;2;49;48;51m▀[0m[38;2;27;26;30;48;2;60;59;63m▀[0m[38;2;28;27;31;48;2;37;36;40m▀[0m[38;2;28;27;31;48;2;27;26;30m▀[0m[38;2;28;27;31;48;2;28;27;31m              [0m[38;2;28;27;31;48;2;29;28;32m▀[0m[38;2;28;27;31;48;2;32;31;35m▀[0m[38;2;28;27;31;48;2;28;27;31m               [0m
[48;2;28;27;31m         [0m[38;2;28;27;31;48;2;24;24;26m▀[0m[38;2;27;26;29;48;2;55;52;65m▀[0m[38;2;120;110;146;48;2;207;187;252m▀[0m[38;2;205;185;241;48;2;215;194;255m▀[0m[38;2;114;104;139;48;2;187;169;229m▀[0m[38;2;21;20;22;48;2;39;37;44m▀[0m[38;2;28;27;31;48;2;26;25;28m▀[0m[38;2;28;27;31;48;2;28;27;31m              [0m[38;2;28;27;31;48;2;27;26;30m [0m[38;2;39;37;45;48;2;35;36;40m▀[0m[38;2;56;51;64;48;2;44;49;52m▀[0m[38;2;42;40;48;48;2;34;36;39m▀[0m[38;2;57;55;59;48;2;51;50;54m▀[0m[38;2;46;44;48;48;2;41;39;43m▀[0m[38;2;46;44;48;48;2;27;26;30m [0m[38;2;46;44;48;48;2;28;27;31m      [0m[38;2;25;24;27;48;2;26;24;28m▀[0m[38;2;72;67;81;48;2;59;65;68m▀[0m[38;2;107;99;121;48;2;81;92;95m▀[0m[38;2;52;50;56;48;2;45;45;49m▀[0m[38;2;55;54;57;48;2;51;50;54m▀[0m[38;2;30;29;33;48;2;29;28;32m▀[0m[38;2;30;29;33;48;2;28;27;31m               [0m[38;2;29;28;32;48;2;28;27;31m▀[0m[38;2;29;28;32;48;2;28;27;31m  [0m[38;2;29;28;32;48;2;31;30;34m [0m[38;2;29;28;32;48;2;29;28;32m [0m[38;2;29;28;32;48;2;28;27;31m       [0m[38;2;30;29;33;48;2;31;30;34m▀[0m[38;2;30;29;33;48;2;29;28;32m [0m[38;2;30;29;33;48;2;28;27;31m  [0m
[48;2;28;27;31m        [0m[38;2;28;27;31;48;2;27;26;30m▀[0m[38;2;21;20;22;48;2;28;27;31m▀[0m[38;2;111;101;134;48;2;169;153;207m▀[0m[38;2;215;195;255;48;2;213;192;255m▀[0m[38;2;215;195;255;48;2;208;188;255m [0m[38;2;215;194;255;48;2;212;192;255m▀[0m[38;2;105;96;127;48;2;179;162;219m▀[0m[38;2;21;21;22;48;2;33;31;37m▀[0m[38;2;28;27;31;48;2;27;26;29m▀[0m[38;2;28;27;31;48;2;28;27;31m             [0m[38;2;28;26;30;48;2;28;27;31m▀[0m[38;2;33;38;39;48;2;28;26;30m▀[0m[38;2;39;54;49;48;2;27;24;29m▀[0m[38;2;33;38;39;48;2;27;26;30m▀[0m[38;2;56;54;58;48;2;26;25;29m▀[0m[38;2;39;38;42;48;2;27;26;30m▀[0m[38;2;27;26;30;48;2;28;27;31m▀[0m[38;2;27;26;30;48;2;28;27;31m      [0m[38;2;26;24;29;48;2;28;27;31m▀[0m[38;2;52;67;62;48;2;26;24;28m▀[0m[38;2;68;97;84;48;2;25;22;27m▀[0m[38;2;45;48;50;48;2;31;30;34m▀[0m[38;2;52;50;54;48;2;26;25;29m▀[0m[38;2;52;50;54;48;2;28;27;31m               [0m[38;2;28;27;31;48;2;30;29;33m▀[0m[38;2;29;28;32;48;2;39;38;41m▀[0m[38;2;28;27;31;48;2;27;26;30m▀[0m[38;2;28;27;31;48;2;28;27;31m      [0m[38;2;30;29;33;48;2;31;30;34m▀[0m[38;2;34;33;37;48;2;39;38;41m▀[0m[38;2;34;33;37;48;2;27;26;30m [0m[38;2;34;33;37;48;2;28;27;31m     [0m
[48;2;28;27;31m        [0m[38;2;24;23;26;48;2;21;20;22m▀[0m[38;2;61;57;73;48;2;118;107;143m▀[0m[38;2;206;186;250;48;2;217;197;255m▀[0m[38;2;213;193;255;48;2;173;157;211m▀[0m[38;2;215;194;255;48;2;139;126;169m▀[0m[38;2;210;190;255;48;2;194;175;237m▀[0m[38;2;208;188;253;48;2;217;196;255m▀[0m[38;2;65;60;77;48;2;111;101;134m▀[0m[38;2;23;23;25;48;2;21;20;22m▀[0m[38;2;23;23;25;48;2;28;27;31m                             [0m[38;2;29;28;32;48;2;28;27;31m▀[0m[38;2;29;28;32;48;2;28;27;31m  [0m[38;2;32;31;34;48;2;28;27;31m▀[0m[38;2;30;29;33;48;2;28;27;31m▀[0m[38;2;30;29;33;48;2;28;27;31m   [0m[38;2;28;27;31;48;2;29;28;32m▀[0m[38;2;30;29;33;48;2;32;31;35m▀[0m[38;2;30;29;33;48;2;28;27;31m       [0m[38;2;30;29;33;48;2;30;29;33m [0m[38;2;30;29;33;48;2;40;39;42m [0m[38;2;30;29;33;48;2;27;26;30m [0m[38;2;30;29;33;48;2;28;27;31m [0m[38;2;28;27;31;48;2;32;31;35m▀[0m[38;2;28;27;31;48;2;30;29;33m▀[0m[38;2;28;27;31;48;2;28;27;31m   [0m[38;2;28;27;31;48;2;31;30;34m [0m[38;2;28;27;31;48;2;39;38;41m [0m[38;2;28;27;31;48;2;27;26;30m [0m[38;2;28;27;31;48;2;28;27;31m     [0m
[48;2;28;27;31m       [0m[38;2;27;26;30;48;2;25;24;27m▀[0m[38;2;27;26;29;48;2;48;45;56m▀[0m[38;2;169;154;207;48;2;205;186;249m▀[0m[38;2;197;179;240;48;2;136;123;165m▀[0m[38;2;42;40;49;48;2;21;21;22m▀[0m[38;2;13;14;12;48;2;24;24;26m▀[0m[38;2;123;112;149;48;2;53;49;62m▀[0m[38;2;221;200;255;48;2;202;183;245m▀[0m[38;2;159;144;194;48;2;197;178;241m▀[0m[38;2;25;24;27;48;2;44;41;51m▀[0m[38;2;28;27;31;48;2;26;25;28m▀[0m[38;2;28;27;31;48;2;28;27;31m                               [0m[38;2;28;27;31;48;2;32;31;34m▀[0m[38;2;28;27;31;48;2;30;29;33m▀[0m[38;2;28;27;31;48;2;28;27;31m            [0m[38;2;28;27;31;48;2;30;29;33m [0m[38;2;28;27;31;48;2;40;39;42m [0m[38;2;28;27;31;48;2;27;26;30m [0m[38;2;28;27;31;48;2;28;27;31m [0m[38;2;29;28;32;48;2;32;31;35m▀[0m[38;2;28;27;31;48;2;30;29;33m▀[0m[38;2;28;27;31;48;2;28;27;31m   [0m[38;2;31;30;34;48;2;30;29;33m▀[0m[38;2;39;38;41;48;2;38;37;40m▀[0m[38;2;27;26;30;48;2;26;25;29m▀[0m[38;2;27;26;30;48;2;27;26;30m [0m[38;2;35;35;38;48;2;37;37;40m▀[0m[38;2;31;31;34;48;2;32;32;35m▀[0m[38;2;31;31;34;48;2;28;27;31m  [0m
[48;2;28;27;31m       [0m[38;2;22;21;23;48;2;21;20;22m▀[0m[38;2;86;79;103;48;2;136;124;165m▀[0m[38;2;212;192;255;48;2;172;156;211m▀[0m[38;2;66;61;78;48;2;27;26;30m▀[0m[38;2;23;23;25;48;2;27;26;30m▀[0m[38;2;23;23;25;48;2;28;27;31m [0m[38;2;22;21;23;48;2;23;22;25m▀[0m[38;2;141;128;172;48;2;68;63;80m▀[0m[38;2;219;198;255;48;2;215;194;255m▀[0m[38;2;82;75;98;48;2;131;119;160m▀[0m[38;2;22;21;23;48;2;21;20;22m▀[0m[38;2;22;21;23;48;2;28;27;31m                            [0m[38;2;22;21;23;48;2;31;30;34m [0m[38;2;22;21;23;48;2;28;27;31m  [0m[38;2;32;31;35;48;2;27;26;30m▀[0m[38;2;30;30;33;48;2;28;27;31m▀[0m[38;2;30;30;33;48;2;28;27;31m            [0m[38;2;30;30;33;48;2;30;29;33m [0m[38;2;30;30;33;48;2;40;39;42m [0m[38;2;30;30;33;48;2;27;26;30m [0m[38;2;30;30;33;48;2;28;27;31m [0m[38;2;28;27;31;48;2;32;31;34m▀[0m[38;2;28;27;31;48;2;29;28;32m▀[0m[38;2;28;27;31;48;2;28;27;31m [0m[38;2;28;27;31;48;2;23;22;25m▀[0m[38;2;28;27;31;48;2;91;87;102m▀[0m[38;2;30;30;32;48;2;174;162;201m▀[0m[38;2;38;38;39;48;2;172;160;198m▀[0m[38;2;27;26;29;48;2;156;146;178m▀[0m[38;2;27;26;30;48;2;39;37;43m▀[0m[38;2;37;37;40;48;2;35;35;38m▀[0m[38;2;37;37;40;48;2;32;32;35m [0m[38;2;37;37;40;48;2;28;27;31m  [0m
[48;2;28;27;31m      [0m[38;2;27;26;30;48;2;24;24;27m▀[0m[38;2;29;28;33;48;2;55;51;64m▀[0m[38;2;180;163;220;48;2;193;174;237m▀[0m[38;2;105;95;126;48;2;50;44;58m▀[0m[38;2;20;20;22;48;2;24;21;25m▀[0m[38;2;28;27;31;48;2;26;23;28m▀[0m[38;2;28;27;31;48;2;28;27;31m [0m[38;2;27;26;30;48;2;28;27;31m▀[0m[38;2;30;29;34;48;2;21;20;22m▀[0m[38;2;180;163;221;48;2;124;113;151m▀[0m[38;2;181;164;222;48;2;215;194;255m▀[0m[38;2;31;30;35;48;2;64;59;76m▀[0m[38;2;27;26;30;48;2;23;23;25m▀[0m[38;2;27;26;30;48;2;28;27;31m                          [0m[38;2;28;27;31;48;2;30;29;33m▀[0m[38;2;28;27;31;48;2;37;36;40m▀[0m[38;2;28;27;31;48;2;27;26;30m▀▀[0m[38;2;32;31;35;48;2;36;35;39m▀[0m[38;2;31;30;34;48;2;34;33;37m▀[0m[38;2;28;27;31;48;2;27;26;30m▀[0m[38;2;28;27;31;48;2;28;27;31m  [0m[38;2;28;27;31;48;2;30;29;33m▀[0m[38;2;30;29;33;48;2;40;39;42m▀[0m[38;2;28;27;31;48;2;27;26;30m▀[0m[38;2;28;27;31;48;2;28;27;31m     [0m[38;2;27;26;30;48;2;31;30;33m▀[0m[38;2;29;28;32;48;2;35;34;38m▀[0m[38;2;39;38;41;48;2;44;43;46m▀[0m[38;2;26;25;29;48;2;32;31;34m▀[0m[38;2;26;25;29;48;2;28;27;31m [0m[38;2;31;30;34;48;2;37;36;40m▀[0m[38;2;29;28;32;48;2;33;32;35m▀[0m[38;2;28;27;31;48;2;27;26;31m▀[0m[38;2;28;27;31;48;2;21;20;23m [0m[38;2;111;105;127;48;2;109;103;124m▀[0m[38;2;223;207;255;48;2;218;202;255m▀[0m[38;2;219;202;255;48;2;214;198;250m▀[0m[38;2;199;185;231;48;2;194;181;225m▀[0m[38;2;42;40;46;48;2;41;38;45m▀[0m[38;2;35;34;38;48;2;34;32;37m▀[0m[38;2;32;32;35;48;2;31;30;33m▀[0m[38;2;28;27;31;48;2;27;26;30m▀[0m[38;2;28;27;31;48;2;28;27;31m [0m
[48;2;28;27;31m      [0m[38;2;21;21;22;48;2;24;24;26m▀[0m[38;2;99;89;119;48;2;161;141;195m▀[0m[38;2;168;153;205;48;2;146;181;191m▀[0m[38;2;75;138;108;48;2;109;222;165m▀[0m[38;2;94;178;139;48;2;115;226;173m▀[0m[38;2;66;115;94;48;2;114;223;171m▀[0m[38;2;26;21;27;48;2;60;101;83m▀[0m[38;2;28;26;31;48;2;25;20;26m▀[0m[38;2;23;22;25;48;2;27;26;29m▀[0m[38;2;68;63;81;48;2;32;31;37m▀[0m[38;2;216;195;255;48;2;185;167;226m▀[0m[38;2;116;106;141;48;2;172;155;210m▀[0m[38;2;21;20;22;48;2;28;26;30m▀[0m[38;2;28;27;31;48;2;27;26;30m▀[0m[38;2;28;27;31;48;2;28;27;31m                         [0m[38;2;28;27;31;48;2;30;29;33m [0m[38;2;28;27;31;48;2;40;39;42m [0m[38;2;28;27;31;48;2;27;26;30m  [0m[38;2;28;27;31;48;2;36;35;39m [0m[38;2;28;27;31;48;2;34;33;37m [0m[38;2;28;27;31;48;2;27;26;30m [0m[38;2;28;27;31;48;2;28;27;31m  [0m[38;2;28;27;31;48;2;30;29;33m [0m[38;2;28;27;31;48;2;40;39;42m [0m[38;2;28;27;31;48;2;27;26;30m [0m[38;2;28;27;31;48;2;28;25;30m▀▀▀[0m[38;2;28;27;31;48;2;28;26;30m▀[0m[38;2;22;21;24;48;2;21;20;23m▀[0m[38;2;95;90;107;48;2;109;103;124m▀[0m[38;2;186;174;216;48;2;222;206;255m▀[0m[38;2;184;171;212;48;2;218;202;255m▀[0m[38;2;167;157;193;48;2;199;185;232m▀[0m[38;2;41;39;45;48;2;43;41;47m▀[0m[38;2;35;34;38;48;2;35;34;37m▀[0m[38;2;35;34;38;48;2;33;32;35m [0m[38;2;35;34;38;48;2;27;26;31m [0m[38;2;21;20;23;48;2;21;20;24m▀[0m[38;2;109;103;125;48;2;104;99;118m▀[0m[38;2;219;203;255;48;2;205;191;238m▀[0m[38;2;215;199;252;48;2;200;186;232m▀[0m[38;2;195;182;227;48;2;186;174;214m▀[0m[38;2;50;49;54;48;2;117;172;148m▀[0m[38;2;43;44;47;48;2;118;187;153m▀[0m[38;2;41;43;44;48;2;120;192;157m▀[0m[38;2;34;34;37;48;2;86;122;106m▀[0m[38;2;28;27;31;48;2;25;21;27m▀[0m
[48;2;28;27;31m     [0m[38;2;24;23;26;48;2;21;20;22m▀[0m[38;2;60;52;69;48;2;120;111;146m▀[0m[38;2;189;188;236;48;2;145;221;201m▀[0m[38;2;120;220;176;48;2;109;220;165m▀[0m[38;2;114;227;173;48;2;76;136;109m▀[0m[38;2;115;225;172;48;2;54;87;74m▀[0m[38;2;116;227;174;48;2;66;114;93m▀[0m[38;2;111;217;167;48;2;112;218;167m▀[0m[38;2;46;68;61;48;2;95;180;140m▀[0m[38;2;25;21;27;48;2;29;29;32m▀[0m[38;2;21;20;22;48;2;22;21;24m▀[0m[38;2;130;118;158;48;2;70;64;83m▀[0m[38;2;210;190;253;48;2;216;195;255m▀[0m[38;2;55;51;64;48;2;104;95;126m▀[0m[38;2;24;24;26;48;2;20;20;22m▀[0m[38;2;24;24;26;48;2;28;27;31m     [0m[38;2;28;27;31;48;2;28;26;31m▀[0m[38;2;28;27;31;48;2;27;25;30m▀[0m[38;2;28;27;31;48;2;27;24;29m▀▀[0m[38;2;28;27;31;48;2;26;23;28m▀▀▀▀▀▀[0m[38;2;28;27;31;48;2;28;27;31m        [0m[38;2;28;27;31;48;2;26;25;28m▀[0m[38;2;25;24;28;48;2;54;52;60m▀[0m[38;2;24;23;26;48;2;92;87;103m▀[0m[38;2;34;34;35;48;2;95;90;106m▀[0m[38;2;21;20;23;48;2;86;81;96m▀[0m[38;2;23;20;25;48;2;82;109;99m▀[0m[38;2;33;28;34;48;2;88;127;110m▀[0m[38;2;31;26;32;48;2;89;128;110m▀[0m[38;2;24;21;26;48;2;71;94;85m▀[0m[38;2;28;27;31;48;2;28;25;30m▀[0m[38;2;28;27;31;48;2;26;25;29m▀[0m[38;2;30;29;33;48;2;25;25;27m▀[0m[38;2;39;38;41;48;2;34;34;35m▀[0m[38;2;29;27;32;48;2;26;23;27m▀[0m[38;2;92;132;113;48;2;108;163;137m▀[0m[38;2;106;163;135;48;2;127;204;166m▀[0m[38;2;106;164;137;48;2;128;206;168m▀[0m[38;2;79;109;96;48;2;93;134;115m▀[0m[38;2;19;16;19;48;2;19;15;19m▀[0m[38;2;106;100;121;48;2;100;95;113m▀[0m[38;2;216;200;252;48;2;198;185;229m▀[0m[38;2;212;196;247;48;2;194;181;224m▀[0m[38;2;193;181;225;48;2;180;169;206m▀[0m[38;2;43;39;46;48;2;107;150;131m▀[0m[38;2;35;32;36;48;2;105;162;135m▀[0m[38;2;33;30;34;48;2;107;165;138m▀[0m[38;2;27;25;31;48;2;79;109;96m▀[0m[38;2;21;20;24;48;2;19;16;19m▀[0m[38;2;105;100;119;48;2;110;104;125m▀[0m[38;2;208;193;241;48;2;222;205;255m▀[0m[38;2;203;188;236;48;2;217;200;254m▀[0m[38;2;188;177;217;48;2;200;187;232m▀[0m[38;2;125;191;161;48;2;124;188;159m▀[0m[38;2;126;211;169;48;2;124;206;166m▀[0m[38;2;129;216;174;48;2;128;211;171m▀[0m[38;2;92;135;115;48;2;91;132;113m▀[0m[38;2;92;135;115;48;2;25;20;26m [0m
[38;2;28;27;31;48;2;27;26;30m▀[0m[38;2;28;27;31;48;2;31;30;35m▀[0m[38;2;24;22;26;48;2;72;79;90m▀[0m[38;2;26;24;29;48;2;37;43;45m▀[0m[38;2;25;21;26;48;2;37;54;48m▀[0m[38;2;37;29;41;48;2;91;146;127m▀[0m[38;2;147;183;193;48;2;117;203;168m▀[0m[38;2;110;220;167;48;2;50;80;67m▀[0m[38;2;59;98;82;48;2;25;19;25m▀[0m[38;2;24;18;25;48;2;28;27;31m▀[0m[38;2;25;19;26;48;2;28;27;31m▀[0m[38;2;24;18;25;48;2;28;27;31m▀[0m[38;2;46;67;60;48;2;24;17;24m▀[0m[38;2;108;209;160;48;2;57;94;78m▀[0m[38;2;66;113;93;48;2;109;213;164m▀[0m[38;2;23;16;23;48;2;47;71;62m▀[0m[38;2;30;28;33;48;2;17;12;16m▀[0m[38;2;177;161;217;48;2;110;100;132m▀[0m[38;2;174;157;213;48;2;218;197;255m▀[0m[38;2;29;28;32;48;2;77;71;92m▀[0m[38;2;27;26;30;48;2;21;19;22m▀[0m[38;2;28;27;31;48;2;25;19;26m▀[0m[38;2;27;26;30;48;2;29;29;33m▀[0m[38;2;25;21;27;48;2;50;77;67m▀[0m[38;2;25;19;25;48;2;75;135;108m▀[0m[38;2;27;25;30;48;2;95;180;140m▀[0m[38;2;31;34;36;48;2;104;201;155m▀[0m[38;2;35;44;43;48;2;107;207;160m▀[0m[38;2;39;51;48;48;2;106;205;158m▀[0m[38;2;41;57;52;48;2;104;201;155m▀[0m[38;2;41;57;52;48;2;106;206;158m▀[0m[38;2;40;56;51;48;2;107;210;161m▀[0m[38;2;39;52;49;48;2;107;211;160m▀[0m[38;2;40;54;50;48;2;109;218;165m▀[0m[38;2;40;54;50;48;2;96;186;143m▀[0m[38;2;28;28;31;48;2;29;30;33m▀[0m[38;2;28;27;31;48;2;28;26;30m▀[0m[38;2;28;27;31;48;2;28;27;31m      [0m[38;2;21;20;23;48;2;22;21;24m▀[0m[38;2;105;99;119;48;2;99;94;111m▀[0m[38;2;221;205;255;48;2;202;189;234m▀[0m[38;2;214;199;251;48;2;196;184;228m▀[0m[38;2;205;190;237;48;2;188;175;216m▀[0m[38;2;132;192;167;48;2;123;171;152m▀[0m[38;2;128;216;173;48;2;120;190;155m▀[0m[38;2;132;220;177;48;2;123;193;159m▀[0m[38;2;103;156;131;48;2;97;139;120m▀[0m[38;2;22;18;23;48;2;20;16;20m▀[0m[38;2;81;77;91;48;2;108;102;124m▀[0m[38;2;156;146;180;48;2;226;209;255m▀[0m[38;2;154;145;177;48;2;219;204;255m▀[0m[38;2;146;136;166;48;2;209;194;243m▀[0m[38;2;121;175;151;48;2;127;180;158m▀[0m[38;2;123;201;163;48;2;121;199;161m▀[0m[38;2;126;205;167;48;2;125;204;166m▀[0m[38;2;92;133;115;48;2;92;132;114m▀[0m[38;2;92;133;115;48;2;18;14;18m [0m[38;2;107;101;122;48;2;108;102;123m▀[0m[38;2;219;203;255;48;2;221;204;255m▀[0m[38;2;214;198;250;48;2;216;199;252m▀[0m[38;2;198;185;230;48;2;200;186;232m▀[0m[38;2;124;180;155;48;2;127;189;161m▀[0m[38;2;123;196;160;48;2;126;207;167m▀[0m[38;2;126;201;165;48;2;130;212;172m▀[0m[38;2;92;130;113;48;2;93;136;117m▀[0m[38;2;19;15;19;48;2;24;21;26m▀[0m[38;2;102;97;115;48;2;35;34;39m▀[0m[38;2;201;187;233;48;2;46;44;50m▀[0m[38;2;196;182;228;48;2;51;49;54m▀[0m[38;2;182;171;209;48;2;47;46;51m▀[0m[38;2;120;174;150;48;2;119;184;153m▀[0m[38;2;121;190;156;48;2;129;213;173m▀[0m[38;2;124;194;160;48;2;131;217;175m▀[0m[38;2;89;124;108;48;2;93;135;116m▀[0m[38;2;25;21;26;48;2;25;20;26m▀[0m
[38;2;27;26;30;48;2;28;27;31m▀[0m[38;2;31;32;36;48;2;27;26;29m▀[0m[38;2;118;192;167;48;2;56;71;71m▀[0m[38;2;122;208;175;48;2;131;151;168m▀[0m[38;2;129;211;182;48;2;150;155;187m▀[0m[38;2;161;217;216;48;2;95;87;115m▀[0m[38;2;64;78;81;48;2;29;25;31m▀[0m[38;2;22;17;23;48;2;27;27;30m▀[0m[38;2;22;17;23;48;2;28;27;31m     [0m[38;2;26;22;27;48;2;27;24;29m▀[0m[38;2;83;153;121;48;2;34;41;41m▀[0m[38;2;110;214;164;48;2;101;194;150m▀[0m[38;2;44;68;58;48;2;111;216;166m▀[0m[38;2;47;39;53;48;2;83;155;122m▀[0m[38;2;206;181;247;48;2;144;183;190m▀[0m[38;2;157;139;190;48;2;155;203;206m▀[0m[38;2;31;38;37;48;2;103;201;154m▀[0m[38;2;62;106;87;48;2;115;231;174m▀[0m[38;2;98;186;145;48;2;105;202;156m▀[0m[38;2;117;230;176;48;2;71;126;102m▀[0m[38;2;112;220;168;48;2;40;54;50m▀[0m[38;2;88;164;129;48;2;25;21;27m▀[0m[38;2;66;113;93;48;2;20;15;20m▀[0m[38;2;51;79;68;48;2;18;15;18m▀[0m[38;2;39;56;50;48;2;46;41;53m▀[0m[38;2;30;42;37;48;2;107;96;127m▀[0m[38;2;35;50;44;48;2;152;136;183m▀[0m[38;2;49;68;63;48;2;185;165;225m▀[0m[38;2;71;96;93;48;2;204;181;248m▀[0m[38;2;84;116;111;48;2;212;188;253m▀[0m[38;2;71;103;95;48;2;173;152;210m▀[0m[38;2;29;29;32;48;2;31;30;34m▀[0m[38;2;28;26;31;48;2;27;26;30m▀[0m[38;2;28;26;31;48;2;28;27;31m      [0m[38;2;22;21;24;48;2;28;27;31m▀[0m[38;2;94;89;106;48;2;32;31;35m▀[0m[38;2;192;179;223;48;2;38;37;41m▀[0m[38;2;187;175;218;48;2;46;45;49m▀[0m[38;2;178;166;206;48;2;36;34;38m▀[0m[38;2;127;185;160;48;2;97;141;121m▀[0m[38;2;126;210;169;48;2;113;176;145m▀[0m[38;2;129;214;173;48;2;113;176;146m▀[0m[38;2;101;152;128;48;2;89;127;110m▀[0m[38;2;20;16;20;48;2;22;19;23m▀[0m[38;2;103;97;117;48;2;87;83;97m▀[0m[38;2;211;196;245;48;2;169;159;193m▀[0m[38;2;206;192;239;48;2;166;156;190m▀[0m[38;2;196;184;227;48;2;158;149;180m▀[0m[38;2;64;66;71;48;2;45;43;50m▀[0m[38;2;48;53;52;48;2;28;26;29m▀[0m[38;2;49;55;55;48;2;29;27;31m▀[0m[38;2;38;40;42;48;2;26;25;29m▀[0m[38;2;21;20;23;48;2;28;27;31m▀[0m[38;2;100;95;113;48;2;35;34;38m▀[0m[38;2;199;186;232;48;2;44;43;48m▀[0m[38;2;196;182;227;48;2;52;51;55m▀[0m[38;2;180;169;208;48;2;40;39;44m▀[0m[38;2;70;83;80;48;2;26;23;28m▀[0m[38;2;65;83;76;48;2;34;30;36m▀[0m[38;2;65;83;76;48;2;30;26;31m▀[0m[38;2;50;59;57;48;2;25;22;28m▀[0m[38;2;27;25;30;48;2;28;27;31m▀[0m[38;2;27;26;30;48;2;28;27;31m▀[0m[38;2;29;28;31;48;2;31;30;34m▀[0m[38;2;36;35;38;48;2;39;38;41m▀[0m[38;2;36;35;38;48;2;27;26;30m [0m[38;2;57;71;66;48;2;24;21;26m▀[0m[38;2;67;85;78;48;2;34;32;36m▀[0m[38;2;64;83;76;48;2;29;26;31m▀[0m[38;2;50;58;57;48;2;26;24;28m▀[0m[38;2;27;25;30;48;2;28;27;31m▀[0m
[48;2;28;27;31m  [0m[38;2;25;22;26;48;2;28;27;31m▀[0m[38;2;28;24;30;48;2;28;27;30m▀[0m[38;2;28;25;31;48;2;27;26;30m▀[0m[38;2;22;21;23;48;2;28;27;31m▀[0m[38;2;28;27;30;48;2;28;27;31m▀[0m[38;2;28;27;30;48;2;28;27;31m       [0m[38;2;25;21;26;48;2;28;27;31m▀[0m[38;2;44;65;58;48;2;25;20;26m▀[0m[38;2;109;212;163;48;2;52;81;70m▀[0m[38;2;119;234;179;48;2;88;164;129m▀[0m[38;2;111;226;169;48;2;93;183;139m▀[0m[38;2;123;222;180;48;2;115;162;156m▀[0m[38;2;129;221;186;48;2;208;197;253m▀[0m[38;2;83;132;115;48;2;171;151;208m▀[0m[38;2;25;31;29;48;2;80;72;95m▀[0m[38;2;20;15;19;48;2;65;60;77m▀[0m[38;2;19;17;20;48;2;94;86;114m▀[0m[38;2;25;24;27;48;2;159;145;193m▀[0m[38;2;61;57;72;48;2;207;187;251m▀[0m[38;2;132;120;159;48;2;223;201;255m▀[0m[38;2;199;180;242;48;2;182;165;220m▀[0m[38;2;221;200;255;48;2;93;85;111m▀[0m[38;2;197;178;240;48;2;41;38;47m▀[0m[38;2;158;143;192;48;2;23;23;25m▀[0m[38;2;134;122;163;48;2;21;21;22m▀[0m[38;2;131;120;157;48;2;21;20;22m▀[0m[38;2;122;111;148;48;2;23;22;24m▀[0m[38;2;30;29;34;48;2;28;27;31m▀[0m[38;2;27;26;30;48;2;28;27;31m▀[0m[38;2;27;26;30;48;2;28;27;31m       [0m[38;2;27;26;30;48;2;28;27;31m▀[0m[38;2;27;26;30;48;2;28;27;31m [0m[38;2;34;33;36;48;2;28;27;31m▀[0m[38;2;26;25;29;48;2;28;27;31m▀[0m[38;2;30;28;32;48;2;26;25;29m▀[0m[38;2;39;37;41;48;2;35;34;38m▀[0m[38;2;37;35;39;48;2;33;32;36m▀[0m[38;2;30;28;32;48;2;26;25;29m▀[0m[38;2;30;28;32;48;2;28;27;31m [0m[38;2;30;29;33;48;2;28;27;31m▀[0m[38;2;33;32;36;48;2;29;28;32m▀[0m[38;2;43;42;44;48;2;39;38;41m▀[0m[38;2;30;29;33;48;2;26;25;29m▀[0m[38;2;29;28;32;48;2;28;27;31m▀[0m[38;2;29;28;32;48;2;28;27;31m    [0m[38;2;27;26;30;48;2;28;27;31m▀[0m[38;2;28;27;30;48;2;30;29;33m▀[0m[38;2;38;37;40;48;2;40;39;42m▀[0m[38;2;25;24;28;48;2;27;26;30m▀[0m[38;2;25;24;28;48;2;27;26;30m [0m[38;2;25;24;28;48;2;37;36;40m [0m[38;2;25;24;28;48;2;33;32;35m [0m[38;2;25;24;28;48;2;27;26;31m [0m[38;2;25;24;28;48;2;28;27;31m  [0m[38;2;25;24;28;48;2;31;30;34m [0m[38;2;25;24;28;48;2;39;38;41m [0m[38;2;25;24;28;48;2;27;26;30m [0m[38;2;27;26;30;48;2;28;27;31m▀[0m[38;2;37;37;40;48;2;32;31;35m▀[0m[38;2;32;32;35;48;2;30;29;33m▀[0m[38;2;32;32;35;48;2;28;27;31m  [0m
[48;2;28;27;31m                [0m[38;2;26;22;27;48;2;28;27;31m▀[0m[38;2;26;23;28;48;2;28;27;31m▀[0m[38;2;27;28;31;48;2;28;26;30m▀[0m[38;2;38;32;43;48;2;24;24;27m▀[0m[38;2;175;157;213;48;2;44;41;51m▀[0m[38;2;220;199;255;48;2;153;139;185m▀[0m[38;2;213;192;255;48;2;212;192;255m▀[0m[38;2;209;189;255;48;2;214;194;255m▀[0m[38;2;215;194;255;48;2;204;185;248m▀[0m[38;2;220;199;255;48;2;159;144;192m▀[0m[38;2;205;185;248;48;2;66;61;79m▀[0m[38;2;119;109;143;48;2;20;20;22m▀[0m[38;2;36;34;41;48;2;26;25;28m▀[0m[38;2;20;20;22;48;2;28;27;31m▀[0m[38;2;26;25;28;48;2;28;27;31m▀[0m[38;2;26;25;28;48;2;28;27;31m                  [0m[38;2;29;28;32;48;2;28;27;31m▀▀[0m[38;2;29;28;32;48;2;28;27;31m   [0m[38;2;30;29;33;48;2;28;27;31m▀[0m[38;2;39;38;41;48;2;29;28;32m▀[0m[38;2;27;26;30;48;2;28;27;31m▀[0m[38;2;27;26;30;48;2;28;27;31m      [0m[38;2;27;26;30;48;2;30;29;33m [0m[38;2;27;26;30;48;2;40;39;42m [0m[38;2;27;26;30;48;2;27;26;30m [0m[38;2;27;26;30;48;2;28;27;31m [0m[38;2;30;29;33;48;2;28;27;31m▀[0m[38;2;29;28;32;48;2;28;27;31m▀[0m[38;2;29;28;32;48;2;28;27;31m   [0m[38;2;29;28;32;48;2;28;27;31m▀[0m[38;2;30;29;33;48;2;28;27;31m▀[0m[38;2;30;29;33;48;2;28;27;31m      [0m
[38;2;28;27;31;48;2;39;38;42m▀[0m[38;2;28;27;31;48;2;49;47;51m▀[0m[38;2;28;27;31;48;2;48;47;51m▀▀▀▀▀▀▀▀▀▀▀▀▀▀▀▀▀▀[0m[38;2;24;23;26;48;2;48;47;51m▀[0m[38;2;30;28;33;48;2;47;46;49m▀[0m[38;2;68;63;81;48;2;43;42;44m▀[0m[38;2;82;76;97;48;2;41;41;42m▀[0m[38;2;59;54;69;48;2;44;43;45m▀[0m[38;2;25;24;28;48;2;48;46;50m▀[0m[38;2;23;22;25;48;2;48;47;51m▀[0m[38;2;28;27;31;48;2;48;47;51m▀▀▀▀▀▀▀▀[0m[38;2;28;27;31;48;2;49;47;51m▀[0m[38;2;28;27;31;48;2;37;36;40m▀[0m[38;2;28;27;31;48;2;27;26;30m▀[0m[38;2;28;27;31;48;2;28;27;31m    [0m[38;2;28;27;31;48;2;27;26;30m▀[0m[38;2;28;27;31;48;2;36;35;39m▀[0m[38;2;28;27;31;48;2;49;47;51m▀[0m[38;2;28;27;31;48;2;48;47;51m▀▀▀▀▀▀▀▀▀▀▀▀▀▀▀▀▀▀▀[0m[38;2;32;31;35;48;2;48;46;50m▀[0m[38;2;27;26;30;48;2;48;47;51m▀[0m[38;2;28;27;31;48;2;48;47;51m▀▀▀▀▀▀▀▀▀▀▀▀[0m[38;2;28;27;31;48;2;49;47;51m▀[0m[38;2;28;27;31;48;2;41;39;43m▀[0m
