      [1;38;5;231;48;5;57m [0m[1;38;5;231;48;5;57mLorem ipsum[0m[1;38;5;231;48;5;57m [0m[1;38;5;231;48;5;57m                                                             [0m
      [2;38;5;57m──────────────────────────────────────────────────────────────────────────[0m
                                                                                
     ╭─────────────────────────────────────────────────────────────────────────╮
[38;5;247m[1]:[0m │ [34;49mimport[0m[49m [0m[4;36;49mmatplotlib[0m[4;36;49m.[0m[4;36;49mpyplot[0m[49m [0m[34;49mas[0m[49m [0m[4;36;49mplt[0m                                         │
     │ [34;49mimport[0m[49m [0m[4;36;49mseaborn[0m[49m [0m[34;49mas[0m[49m [0m[4;36;49msns[0m                                                   │
     ╰─────────────────────────────────────────────────────────────────────────╯
                                                                                
                                                                                
      [1;38;5;37m## [0m[1;38;5;37mCondimentum[0m[1;38;5;37m                                                            [0m
      [2;38;5;37m──────────────────────────────────────────────────────────────────────────[0m
                                                                                
      Lorem ipsum dolor sit amet, [3mconsectetur[0m adipiscing elit, sed do eiusmod   
      tempor incididunt ut labore et dolore magna aliqua. Sunt ]8;id=0;https://github.com/paw-lu/nbpreview\[94min culpa qui [0m]8;;\    
      ]8;id=0;https://github.com/paw-lu/nbpreview\[94mofficia[0m]8;;\ deserunt mollit anim id est laborum.                              
                                                                                
     ╭─────────────────────────────────────────────────────────────────────────╮
[38;5;247m[2]:[0m │ [49mfmri[0m[49m [0m[49m=[0m[49m [0m[49msns[0m[49m.[0m[49mload_dataset[0m[49m([0m[33;49m"[0m[33;49mfmri[0m[33;49m"[0m[49m)[0m                                         │
     │ [49mtips[0m[49m [0m[49m=[0m[49m [0m[49msns[0m[49m.[0m[49mload_dataset[0m[49m([0m[33;49m"[0m[33;49mtips[0m[33;49m"[0m[49m)[0m                                         │
     │ [49mfmri[0m[49m.[0m[49mhead[0m[49m([0m[49m)[0m                                                             │
     ╰─────────────────────────────────────────────────────────────────────────╯
                                                                                
[38;5;247m[2]:[0m  ]8;id=0;file://{{ tempfile_path }}0.html\[94m🌐 Click to view HTML[0m]8;;\                                                     
                                                                                
[38;5;247m[2]:[0m   [1m [0m   [1msubject[0m   [1mtimepoint[0m   [1mevent[0m   [1m  region[0m   [1m   signal[0m                   
      ────────────────────────────────────────────────────────                  
       [1m0[0m       s13          18    stim   parietal   -0.017552                   
       [1m1[0m        s5          14    stim   parietal   -0.080883                   
       [1m2[0m       s12          18    stim   parietal   -0.081033                   
       [1m3[0m       s11          18    stim   parietal   -0.046134                   
       [1m4[0m       s10          18    stim   parietal   -0.037970                   
                                                                                
     ╭─────────────────────────────────────────────────────────────────────────╮
[38;5;247m[3]:[0m │ [49m_[0m[49m,[0m[49m [0m[49m([0m[49max_line[0m[49m,[0m[49m [0m[49max_box[0m[49m)[0m[49m [0m[49m=[0m[49m [0m[49mplt[0m[49m.[0m[49msubplots[0m[49m([0m[49mncols[0m[49m=[0m[34;49m2[0m[49m,[0m[49m [0m[49mfacecolor[0m[49m=[0m[33;49m"[0m[33;49m#1C1B1F[0m[33;49m"[0m[49m,[0m[49m [0m[49mfigs…[0m │
     │ [49m([0m                                                                       │
     │ [49m    [0m[49mfmri[0m[49m.[0m[49mpipe[0m[49m([0m                                                          │
     │ [49m        [0m[49m([0m[49msns[0m[49m.[0m[49mlineplot[0m[49m,[0m[49m [0m[33;49m"[0m[33;49mdata[0m[33;49m"[0m[49m)[0m[49m,[0m                                         │
     │ [49m        [0m[49mx[0m[49m=[0m[33;49m"[0m[33;49mtimepoint[0m[33;49m"[0m[49m,[0m                                                  │
     │ [49m        [0m[49my[0m[49m=[0m[33;49m"[0m[33;49msignal[0m[33;49m"[0m[49m,[0m                                                     │
     │ [49m        [0m[49mhue[0m[49m=[0m[33;49m"[0m[33;49mevent[0m[33;49m"[0m[49m,[0m                                                    │
     │ [49m        [0m[49max[0m[49m=[0m[49max_line[0m[49m,[0m                                                     │
     │ [49m        [0m[49merr_kws[0m[49m=[0m[49m{[0m[33;49m"[0m[33;49malpha[0m[33;49m"[0m[49m:[0m[49m [0m[34;49m1[0m[49m}[0m[49m,[0m                                           │
     │ [49m    [0m[49m)[0m[49m.[0m[49mset[0m[49m([0m                                                              │
     │ [49m        [0m[49mxlabel[0m[49m=[0m[34;49mNone[0m[49m,[0m                                                    │
     │ [49m        [0m[49mylabel[0m[49m=[0m[34;49mNone[0m[49m,[0m                                                    │
     │ [49m        [0m[49myticks[0m[49m=[0m[49m[[0m[49m][0m[49m,[0m                                                      │
     │ [49m        [0m[49mxticks[0m[49m=[0m[49m[[0m[49m][0m[49m,[0m                                                      │
     │ [49m    [0m[49m)[0m                                                                   │
     │ [49m)[0m                                                                       │
     │                                                                         │
     │ [49m([0m                                                                       │
     │ [49m    [0m[49mtips[0m[49m.[0m[49mpipe[0m[49m([0m                                                          │
     │ [49m        [0m[49m([0m[49msns[0m[49m.[0m[49mboxplot[0m[49m,[0m[49m [0m[33;49m"[0m[33;49mdata[0m[33;49m"[0m[49m)[0m[49m,[0m                                          │
     │ [49m        [0m[49mx[0m[49m=[0m[33;49m"[0m[33;49mday[0m[33;49m"[0m[49m,[0m                                                        │
     │ [49m        [0m[49my[0m[49m=[0m[33;49m"[0m[33;49mtotal_bill[0m[33;49m"[0m[49m,[0m                                                 │
     │ [49m        [0m[49mhue[0m[49m=[0m[33;49m"[0m[33;49msmoker[0m[33;49m"[0m[49m,[0m                                                   │
     │ [49m        [0m[49max[0m[49m=[0m[49max_box[0m[49m,[0m                                                      │
     │ [49m    [0m[49m)[0m[49m.[0m[49mset[0m[49m([0m                                                              │
     │ [49m        [0m[49mxlabel[0m[49m=[0m[34;49mNone[0m[49m,[0m                                                    │
     │ [49m        [0m[49mylabel[0m[49m=[0m[34;49mNone[0m[49m,[0m                                                    │
     │ [49m        [0m[49myticks[0m[49m=[0m[49m[[0m[49m][0m[49m,[0m                                                      │
     │ [49m        [0m[49mxticks[0m[49m=[0m[49m[[0m[49m][0m[49m,[0m                                                      │
     │ [49m    [0m[49m)[0m                                                                   │
     │ [49m)[0m                                                                       │
     ╰─────────────────────────────────────────────────────────────────────────╯
                                                                                
[38;5;247m[3]:[0m  [Text(0.5, 0, ''), Text(0, 0.5, ''), [], []]                              
                                                                                
      ]8;id=0;file://{{ tempfile_path }}1.png\[94m🖼 Click to view Image[0m]8;;\                                                     
                                                                                
      [48;2;28;27;31m         [0m[38;2;28;27;31;48;2;27;27;30m▀[0m[38;2;28;27;31;48;2;25;25;28m▀[0m[38;2;23;23;25;48;2;66;61;78m▀[0m[38;2;26;25;28;48;2;46;43;53m▀[0m[38;2;28;27;31;48;2;26;25;28m▀[0m[38;2;28;27;31;48;2;28;27;31m               [0m[38;2;28;27;31;48;2;26;25;29m▀[0m[38;2;28;27;31;48;2;49;48;51m▀[0m[38;2;29;28;32;48;2;53;52;56m▀[0m[38;2;28;27;31;48;2;27;26;30m▀[0m[38;2;28;27;31;48;2;28;27;31m       [0m[38;2;28;27;31;48;2;27;26;30m▀[0m[38;2;28;27;31;48;2;35;34;38m▀[0m[38;2;29;28;32;48;2;58;57;60m▀[0m[38;2;29;28;32;48;2;52;50;54m▀[0m[38;2;28;27;31;48;2;27;26;30m▀[0m[38;2;28;27;31;48;2;28;27;31m              [0m[38;2;28;27;31;48;2;32;32;35m▀[0m[38;2;28;27;31;48;2;28;27;31m              [0m
      [48;2;28;27;31m        [0m[38;2;28;27;31;48;2;25;25;28m▀[0m[38;2;24;23;26;48;2;44;41;51m▀[0m[38;2;125;113;151;48;2;197;178;241m▀[0m[38;2;215;194;251;48;2;214;193;255m▀[0m[38;2;128;116;155;48;2;195;176;238m▀[0m[38;2;21;20;22;48;2;46;43;53m▀[0m[38;2;28;27;31;48;2;25;24;27m▀[0m[38;2;28;27;31;48;2;28;27;31m              [0m[38;2;51;46;59;48;2;38;48;47m▀▀[0m[38;2;47;45;50;48;2;43;42;46m▀[0m[38;2;58;56;60;48;2;50;49;53m▀[0m[38;2;30;29;33;48;2;28;27;31m▀[0m[38;2;30;29;33;48;2;28;27;31m     [0m[38;2;27;26;30;48;2;28;27;30m▀[0m[38;2;31;30;34;48;2;30;30;33m▀[0m[38;2;102;94;116;48;2;73;94;88m▀[0m[38;2;84;78;95;48;2;62;78;74m▀[0m[38;2;51;50;53;48;2;52;50;54m▀[0m[38;2;43;41;45;48;2;37;36;40m▀[0m[38;2;43;41;45;48;2;27;26;30m [0m[38;2;43;41;45;48;2;28;27;31m                [0m[38;2;32;31;35;48;2;29;28;32m▀[0m[38;2;29;28;32;48;2;28;27;31m▀[0m[38;2;29;28;32;48;2;28;27;31m      [0m[38;2;30;29;33;48;2;29;28;32m▀▀[0m[38;2;30;29;33;48;2;28;27;31m  [0m
      [48;2;28;27;31m        [0m[38;2;21;21;22;48;2;24;23;26m▀[0m[38;2;94;86;112;48;2;154;139;188m▀[0m[38;2;94;86;112;48;2;214;194;255m [0m[38;2;208;188;255;48;2;209;189;255m▀[0m[38;2;215;195;255;48;2;212;192;255m▀[0m[38;2;118;107;143;48;2;181;164;222m▀[0m[38;2;21;21;22;48;2;33;32;37m▀[0m[38;2;28;27;31;48;2;27;26;29m▀[0m[38;2;28;27;31;48;2;28;27;31m             [0m[38;2;32;36;38;48;2;28;26;30m▀[0m[38;2;32;36;37;48;2;28;26;30m▀[0m[38;2;37;36;39;48;2;27;26;30m▀[0m[38;2;40;39;43;48;2;27;26;30m▀[0m[38;2;27;26;30;48;2;28;27;31m▀[0m[38;2;27;26;30;48;2;28;27;31m      [0m[38;2;29;28;32;48;2;28;27;31m▀[0m[38;2;46;57;54;48;2;26;23;28m▀[0m[38;2;43;51;50;48;2;30;28;32m▀[0m[38;2;40;38;43;48;2;28;27;31m▀[0m[38;2;32;31;35;48;2;27;26;30m▀[0m[38;2;27;27;31;48;2;29;28;32m▀[0m[38;2;28;27;31;48;2;29;28;32m▀[0m[38;2;28;27;31;48;2;28;27;31m            [0m[38;2;32;31;35;48;2;40;39;42m▀[0m[38;2;32;31;35;48;2;28;27;31m      [0m[38;2;32;31;35;48;2;27;26;30m [0m[38;2;36;35;39;48;2;38;37;41m▀[0m[38;2;30;29;33;48;2;31;30;33m▀[0m[38;2;30;29;33;48;2;28;27;31m     [0m
      [48;2;28;27;31m       [0m[38;2;25;24;27;48;2;21;21;22m▀[0m[38;2;49;46;57;48;2;96;88;116m▀[0m[38;2;199;179;243;48;2;218;197;255m▀[0m[38;2;212;192;255;48;2;109;99;132m▀[0m[38;2;202;182;247;48;2;45;42;52m▀[0m[38;2;209;188;255;48;2;156;142;191m▀[0m[38;2;207;187;252;48;2;221;200;255m▀[0m[38;2;64;59;75;48;2;109;99;131m▀[0m[38;2;24;23;25;48;2;21;20;22m▀[0m[38;2;24;23;25;48;2;28;27;31m                             [0m[38;2;29;28;32;48;2;28;27;31m▀[0m[38;2;31;30;34;48;2;28;27;31m▀[0m[38;2;31;30;34;48;2;28;27;31m   [0m[38;2;30;29;33;48;2;28;27;31m▀[0m[38;2;31;30;34;48;2;29;28;32m▀[0m[38;2;31;30;34;48;2;28;27;31m       [0m[38;2;31;30;34;48;2;40;39;42m [0m[38;2;31;30;34;48;2;28;27;31m  [0m[38;2;31;30;34;48;2;30;29;33m [0m[38;2;31;30;34;48;2;28;28;31m [0m[38;2;31;30;34;48;2;28;27;31m  [0m[38;2;31;30;34;48;2;27;26;30m [0m[38;2;31;30;34;48;2;38;37;41m [0m[38;2;31;30;34;48;2;31;30;33m [0m[38;2;31;30;34;48;2;28;27;31m [0m[38;2;28;27;31;48;2;30;29;33m▀[0m[38;2;28;27;31;48;2;31;30;34m▀[0m[38;2;28;27;31;48;2;28;27;31m  [0m
      [48;2;28;27;31m      [0m[38;2;28;27;31;48;2;27;26;29m▀[0m[38;2;22;21;23;48;2;34;32;38m▀[0m[38;2;146;132;177;48;2;189;171;232m▀[0m[38;2;192;173;234;48;2;125;114;153m▀[0m[38;2;34;32;38;48;2;21;20;22m▀[0m[38;2;17;17;17;48;2;27;26;30m▀[0m[38;2;79;72;94;48;2;29;28;33m▀[0m[38;2;217;196;255;48;2;173;157;212m▀[0m[38;2;157;143;192;48;2;198;179;242m▀[0m[38;2;24;24;26;48;2;43;40;49m▀[0m[38;2;28;27;31;48;2;26;25;28m▀[0m[38;2;28;27;31;48;2;28;27;31m                         [0m[38;2;28;27;31;48;2;29;28;32m▀[0m[38;2;28;27;31;48;2;28;27;31m  [0m[38;2;29;28;32;48;2;30;30;33m▀[0m[38;2;29;28;32;48;2;34;33;37m▀[0m[38;2;28;27;31;48;2;27;26;31m▀[0m[38;2;28;27;31;48;2;28;27;31m           [0m[38;2;28;27;31;48;2;40;39;42m [0m[38;2;28;27;31;48;2;28;27;31m  [0m[38;2;31;30;34;48;2;29;28;32m▀[0m[38;2;29;28;32;48;2;28;27;31m▀[0m[38;2;29;28;32;48;2;28;27;31m  [0m[38;2;27;26;30;48;2;22;21;24m▀[0m[38;2;38;37;41;48;2;31;31;33m▀[0m[38;2;31;30;33;48;2;24;24;25m▀[0m[38;2;27;26;30;48;2;25;24;27m▀[0m[38;2;27;26;30;48;2;33;32;36m [0m[38;2;27;26;30;48;2;36;35;39m [0m[38;2;27;26;30;48;2;27;26;30m [0m[38;2;27;26;30;48;2;28;27;31m [0m
      [48;2;28;27;31m      [0m[38;2;24;23;26;48;2;21;20;22m▀[0m[38;2;63;58;74;48;2;109;100;132m▀[0m[38;2;201;182;247;48;2;165;150;201m▀[0m[38;2;58;54;68;48;2;24;23;26m▀[0m[38;2;24;23;26;48;2;28;26;30m▀[0m[38;2;24;23;26;48;2;28;27;31m [0m[38;2;21;20;22;48;2;25;25;28m▀[0m[38;2;98;89;118;48;2;45;42;52m▀[0m[38;2;218;197;255;48;2;203;183;246m▀[0m[38;2;80;73;95;48;2;132;120;160m▀[0m[38;2;22;22;24;48;2;21;20;22m▀[0m[38;2;22;22;24;48;2;28;27;31m                         [0m[38;2;31;30;34;48;2;28;27;31m▀[0m[38;2;29;28;32;48;2;28;27;31m▀[0m[38;2;29;28;32;48;2;28;27;31m [0m[38;2;28;27;31;48;2;29;28;32m▀[0m[38;2;27;26;30;48;2;32;31;35m▀[0m[38;2;27;26;30;48;2;28;27;31m    [0m[38;2;28;27;31;48;2;29;28;32m▀[0m[38;2;28;27;31;48;2;28;27;31m      [0m[38;2;28;27;31;48;2;27;26;30m▀[0m[38;2;40;39;42;48;2;39;38;41m▀[0m[38;2;28;27;31;48;2;27;26;30m▀[0m[38;2;28;27;31;48;2;28;27;31m [0m[38;2;28;27;31;48;2;31;30;34m [0m[38;2;28;28;31;48;2;29;28;32m▀[0m[38;2;28;28;31;48;2;27;26;30m [0m[38;2;28;28;31;48;2;28;28;31m [0m[38;2;112;106;128;48;2;177;165;205m▀[0m[38;2;141;133;161;48;2;223;207;255m▀[0m[38;2;140;132;160;48;2;224;209;255m▀[0m[38;2;68;65;76;48;2;98;92;111m▀[0m[38;2;29;28;31;48;2;26;26;28m▀[0m[38;2;29;28;31;48;2;36;35;39m [0m[38;2;29;28;31;48;2;27;26;30m [0m[38;2;29;28;31;48;2;28;27;31m [0m
      [48;2;28;27;31m     [0m[38;2;28;27;31;48;2;26;25;29m▀[0m[38;2;23;22;24;48;2;39;37;45m▀[0m[38;2;156;141;190;48;2;178;157;216m▀[0m[38;2;106;94;127;48;2;90;130;121m▀[0m[38;2;20;18;20;48;2;92;179;137m▀[0m[38;2;26;23;28;48;2;76;137;109m▀[0m[38;2;28;26;30;48;2;28;26;31m▀[0m[38;2;28;27;31;48;2;27;25;30m▀[0m[38;2;24;23;25;48;2;21;21;22m▀[0m[38;2;157;142;192;48;2;97;89;117m▀[0m[38;2;185;167;226;48;2;214;193;255m▀[0m[38;2;32;31;36;48;2;66;61;78m▀[0m[38;2;27;26;29;48;2;23;23;25m▀[0m[38;2;27;26;29;48;2;28;27;31m                       [0m[38;2;27;26;29;48;2;27;26;30m [0m[38;2;35;34;37;48;2;37;36;39m▀[0m[38;2;31;30;34;48;2;32;31;35m▀[0m[38;2;31;30;34;48;2;27;26;30m [0m[38;2;31;30;34;48;2;31;30;34m [0m[38;2;31;30;34;48;2;37;37;40m [0m[38;2;31;30;34;48;2;27;26;30m [0m[38;2;31;30;34;48;2;28;27;31m  [0m[38;2;31;30;34;48;2;32;31;35m [0m[38;2;36;35;39;48;2;37;36;40m▀[0m[38;2;36;35;39;48;2;27;26;30m [0m[38;2;28;27;31;48;2;27;26;30m▀[0m[38;2;28;27;31;48;2;27;25;30m▀[0m[38;2;28;27;31;48;2;27;26;30m▀[0m[38;2;28;27;31;48;2;24;23;27m▀[0m[38;2;29;28;32;48;2;54;52;60m▀[0m[38;2;33;32;36;48;2;178;167;205m▀[0m[38;2;44;43;46;48;2;185;173;215m▀[0m[38;2;33;32;36;48;2;173;162;199m▀[0m[38;2;28;27;31;48;2;45;43;50m▀[0m[38;2;37;36;39;48;2;36;35;38m▀[0m[38;2;37;36;39;48;2;31;30;34m [0m[38;2;37;36;39;48;2;27;26;30m [0m[38;2;37;36;39;48;2;28;28;31m [0m[38;2;171;160;198;48;2;172;161;199m▀[0m[38;2;216;201;253;48;2;217;202;255m▀[0m[38;2;217;202;254;48;2;218;202;255m▀[0m[38;2;94;89;107;48;2;102;100;116m▀[0m[38;2;24;23;26;48;2;39;44;43m▀[0m[38;2;34;32;37;48;2;48;52;53m▀[0m[38;2;26;24;28;48;2;37;39;41m▀[0m[38;2;26;24;28;48;2;28;27;31m [0m
      [48;2;28;27;31m     [0m[38;2;22;21;23;48;2;25;23;26m▀[0m[38;2;90;79;106;48;2;153;140;186m▀[0m[38;2;181;185;227;48;2;142;219;198m▀[0m[38;2;107;211;161;48;2;112;226;170m▀[0m[38;2;116;228;174;48;2;110;214;165m▀[0m[38;2;116;229;175;48;2;110;215;165m▀[0m[38;2;72;128;103;48;2;116;229;175m▀[0m[38;2;26;22;27;48;2;55;89;75m▀[0m[38;2;25;24;27;48;2;24;19;25m▀[0m[38;2;49;46;57;48;2;25;24;27m▀[0m[38;2;206;186;250;48;2;163;148;199m▀[0m[38;2;119;108;144;48;2;175;158;214m▀[0m[38;2;21;20;22;48;2;27;26;30m▀[0m[38;2;28;27;31;48;2;27;26;30m▀[0m[38;2;28;27;31;48;2;28;27;31m                      [0m[38;2;27;26;30;48;2;22;21;24m▀[0m[38;2;37;36;39;48;2;30;30;31m▀[0m[38;2;32;31;35;48;2;25;25;27m▀[0m[38;2;27;26;30;48;2;25;23;27m▀[0m[38;2;30;29;33;48;2;32;29;34m▀[0m[38;2;37;36;39;48;2;38;36;40m▀[0m[38;2;27;25;30;48;2;28;26;30m▀[0m[38;2;27;25;30;48;2;28;27;31m [0m[38;2;28;27;31;48;2;27;26;30m▀[0m[38;2;32;31;35;48;2;30;29;32m▀[0m[38;2;37;36;40;48;2;33;31;35m▀[0m[38;2;28;27;31;48;2;42;48;48m▀[0m[38;2;34;34;37;48;2;114;176;146m▀[0m[38;2;34;34;38;48;2;116;184;151m▀[0m[38;2;34;34;37;48;2;113;174;144m▀[0m[38;2;25;24;28;48;2;39;44;44m▀[0m[38;2;59;56;66;48;2;55;52;61m▀[0m[38;2;211;196;246;48;2;199;186;231m▀[0m[38;2;219;203;255;48;2;207;193;241m▀[0m[38;2;204;190;238;48;2;194;181;225m▀[0m[38;2;47;45;52;48;2;56;57;62m▀[0m[38;2;34;32;35;48;2;44;47;48m▀[0m[38;2;29;28;32;48;2;41;44;46m▀[0m[38;2;26;25;29;48;2;32;32;35m▀[0m[38;2;26;25;29;48;2;28;28;31m [0m[38;2;160;151;184;48;2;167;156;192m▀[0m[38;2;201;188;233;48;2;210;196;245m▀[0m[38;2;198;181;228;48;2;207;189;240m▀[0m[38;2;139;169;166;48;2;145;179;175m▀[0m[38;2;118;194;157;48;2;123;210;167m▀[0m[38;2;124;199;162;48;2;129;215;173m▀[0m[38;2;96;142;120;48;2;100;152;127m▀[0m[38;2;96;142;120;48;2;27;23;28m [0m
      [48;2;28;27;31m [0m[38;2;28;27;31;48;2;29;27;32m▀[0m[38;2;28;27;31;48;2;28;23;30m▀[0m[38;2;28;27;31;48;2;24;19;25m▀[0m[38;2;24;23;26;48;2;22;18;22m▀[0m[38;2;59;49;68;48;2;102;123;131m▀[0m[38;2;156;201;207;48;2;124;220;180m▀[0m[38;2;110;224;168;48;2;58;100;82m▀[0m[38;2;70;123;99;48;2;25;19;25m▀[0m[38;2;40;53;50;48;2;26;22;28m▀[0m[38;2;43;62;56;48;2;25;21;27m▀[0m[38;2;94;178;139;48;2;29;30;33m▀[0m[38;2;103;198;153;48;2;93;176;137m▀[0m[38;2;33;38;39;48;2;77;139;111m▀[0m[38;2;20;18;20;48;2;22;16;21m▀[0m[38;2;98;89;118;48;2;43;40;49m▀[0m[38;2;210;190;255;48;2;200;181;243m▀[0m[38;2;58;53;68;48;2;128;116;156m▀[0m[38;2;24;23;26;48;2;21;20;22m▀[0m[38;2;24;23;26;48;2;28;27;31m [0m[38;2;28;27;31;48;2;26;22;28m▀[0m[38;2;28;27;31;48;2;25;20;26m▀[0m[38;2;27;26;30;48;2;31;33;35m▀[0m[38;2;26;23;28;48;2;42;60;54m▀[0m[38;2;25;21;27;48;2;53;85;72m▀[0m[38;2;25;20;26;48;2;61;103;86m▀[0m[38;2;25;19;25;48;2;67;115;94m▀[0m[38;2;25;19;25;48;2;69;121;98m▀▀[0m[38;2;25;19;25;48;2;68;118;96m▀[0m[38;2;25;19;25;48;2;66;114;93m▀[0m[38;2;24;19;25;48;2;69;121;98m▀[0m[38;2;27;25;30;48;2;39;52;49m▀[0m[38;2;28;27;31;48;2;26;24;29m▀[0m[38;2;28;27;31;48;2;28;27;31m     [0m[38;2;28;27;31;48;2;27;26;30m [0m[38;2;27;26;30;48;2;26;25;28m▀[0m[38;2;108;102;123;48;2;162;151;185m▀[0m[38;2;142;133;162;48;2;213;198;248m▀[0m[38;2;138;127;157;48;2;210;193;244m▀[0m[38;2;113;131;133;48;2;154;178;183m▀[0m[38;2;105;166;136;48;2;123;207;164m▀[0m[38;2;109;169;140;48;2;128;212;171m▀[0m[38;2;94;136;117;48;2;110;170;142m▀[0m[38;2;29;28;32;48;2;24;23;25m▀[0m[38;2;34;33;38;48;2;101;96;115m▀[0m[38;2;46;45;51;48;2;201;188;233m▀[0m[38;2;49;46;52;48;2;197;182;229m▀[0m[38;2;56;63;63;48;2;171;170;198m▀[0m[38;2;121;188;155;48;2;124;202;164m▀[0m[38;2;123;196;161;48;2;128;213;172m▀[0m[38;2;121;185;154;48;2;126;201;164m▀[0m[38;2;40;46;46;48;2;40;48;46m▀[0m[38;2;54;51;60;48;2;56;52;62m▀[0m[38;2;193;181;223;48;2;207;193;242m▀[0m[38;2;200;186;232;48;2;215;199;252m▀[0m[38;2;188;175;217;48;2;202;187;235m▀[0m[38;2;121;173;151;48;2;126;181;158m▀[0m[38;2;118;189;154;48;2;123;198;161m▀[0m[38;2;122;193;159;48;2;128;202;166m▀[0m[38;2;67;90;81;48;2;71;94;84m▀[0m[38;2;25;22;25;48;2;25;21;26m▀[0m[38;2;177;165;205;48;2;119;112;135m▀[0m[38;2;223;208;255;48;2;149;140;171m▀[0m[38;2;221;201;255;48;2;144;132;164m▀[0m[38;2;147;177;176;48;2;124;156;148m▀[0m[38;2;120;198;159;48;2;124;202;163m▀[0m[38;2;126;203;165;48;2;127;205;167m▀[0m[38;2;98;145;123;48;2;99;146;124m▀[0m[38;2;98;145;123;48;2;27;23;28m [0m
      [38;2;26;24;28;48;2;27;25;30m▀[0m[38;2;42;45;50;48;2;33;38;39m▀[0m[38;2;105;148;142;48;2;109;170;151m▀[0m[38;2;61;104;85;48;2;155;218;210m▀[0m[38;2;89;156;128;48;2;169;204;221m▀[0m[38;2;126;205;178;48;2;105;107;130m▀[0m[38;2;52;82;70;48;2;22;18;23m▀[0m[38;2;24;19;25;48;2;28;27;31m▀[0m[38;2;24;19;25;48;2;28;27;31m   [0m[38;2;26;21;27;48;2;28;27;31m▀[0m[38;2;41;56;52;48;2;25;19;25m▀[0m[38;2;108;209;161;48;2;63;108;89m▀[0m[38;2;64;109;90;48;2;115;226;173m▀[0m[38;2;17;12;16;48;2;65;119;93m▀[0m[38;2;139;124;169;48;2;85;95;106m▀[0m[38;2;200;179;242;48;2;205;195;247m▀[0m[38;2;42;36;48;48;2;106;133;138m▀[0m[38;2;24;21;25;48;2;81;157;120m▀[0m[38;2;44;63;56;48;2;114;224;172m▀[0m[38;2;76;137;109;48;2;112;218;168m▀[0m[38;2;103;199;154;48;2;84;155;122m▀[0m[38;2;111;217;167;48;2;51;79;68m▀[0m[38;2;106;205;158;48;2;33;39;39m▀[0m[38;2;96;182;142;48;2;22;21;23m▀[0m[38;2;86;161;126;48;2;21;17;21m▀[0m[38;2;80;149;116;48;2;44;37;49m▀[0m[38;2;82;157;121;48;2;77;67;90m▀[0m[38;2;86;169;128;48;2;112;100;134m▀[0m[38;2;92;182;137;48;2;140;127;169m▀[0m[38;2;97;195;147;48;2;138;129;168m▀[0m[38;2;46;71;61;48;2;54;52;64m▀[0m[38;2;25;22;28;48;2;25;24;27m▀[0m[38;2;25;22;28;48;2;28;27;31m     [0m[38;2;27;26;30;48;2;28;27;31m▀[0m[38;2;26;25;28;48;2;27;26;30m▀[0m[38;2;162;152;186;48;2;86;81;97m▀[0m[38;2;213;198;248;48;2;112;106;127m▀[0m[38;2;211;194;245;48;2;106;97;120m▀[0m[38;2;153;172;180;48;2;110;137;131m▀[0m[38;2;118;191;154;48;2;129;215;172m▀[0m[38;2;123;196;160;48;2;130;215;173m▀[0m[38;2;106;158;134;48;2;112;173;144m▀[0m[38;2;23;22;24;48;2;24;22;25m▀[0m[38;2;109;103;124;48;2;103;98;116m▀[0m[38;2;221;206;255;48;2;202;190;233m▀[0m[38;2;218;201;255;48;2;200;187;231m▀[0m[38;2;181;174;210;48;2;159;150;181m▀[0m[38;2;91;133;113;48;2;26;22;26m▀[0m[38;2;97;143;122;48;2;35;31;36m▀[0m[38;2;92;134;114;48;2;25;21;27m▀[0m[38;2;35;39;39;48;2;26;24;28m▀[0m[38;2;58;55;64;48;2;43;42;48m▀[0m[38;2;213;199;248;48;2;114;108;130m▀[0m[38;2;221;205;255;48;2;122;116;139m▀[0m[38;2;208;192;241;48;2;111;105;126m▀[0m[38;2;115;161;143;48;2;40;38;43m▀[0m[38;2;109;172;142;48;2;39;36;40m▀[0m[38;2;113;175;146;48;2;34;31;36m▀[0m[38;2;65;84;76;48;2;29;28;32m▀[0m[38;2;25;21;27;48;2;28;27;31m▀[0m[38;2;22;22;24;48;2;27;26;30m▀[0m[38;2;32;32;34;48;2;38;37;41m▀[0m[38;2;22;19;22;48;2;31;30;33m▀[0m[38;2;74;102;90;48;2;29;27;31m▀[0m[38;2;114;177;147;48;2;35;33;38m▀[0m[38;2;113;176;146;48;2;38;36;40m▀[0m[38;2;88;126;109;48;2;29;27;32m▀[0m[38;2;27;24;29;48;2;28;27;31m▀[0m
      [48;2;28;27;31m [0m[38;2;27;26;29;48;2;28;27;31m▀[0m[38;2;32;28;36;48;2;27;26;30m▀[0m[38;2;74;68;88;48;2;23;22;25m▀[0m[38;2;57;51;67;48;2;24;24;27m▀[0m[38;2;27;24;29;48;2;28;27;31m▀[0m[38;2;28;27;30;48;2;28;27;31m▀[0m[38;2;28;27;30;48;2;28;27;31m     [0m[38;2;28;26;31;48;2;28;27;31m▀[0m[38;2;26;23;28;48;2;27;24;29m▀[0m[38;2;81;147;117;48;2;31;35;36m▀[0m[38;2;119;235;179;48;2;88;163;128m▀[0m[38;2;111;216;166;48;2;110;216;165m▀[0m[38;2;124;216;179;48;2;106;209;159m▀[0m[38;2;123;225;181;48;2;159;204;211m▀[0m[38;2;107;214;162;48;2;170;171;210m▀[0m[38;2;70;127;101;48;2;56;47;64m▀[0m[38;2;38;51;47;48;2;30;26;33m▀[0m[38;2;23;18;23;48;2;43;40;50m▀[0m[38;2;18;14;18;48;2;95;87;114m▀[0m[38;2;26;24;28;48;2;165;149;200m▀[0m[38;2;69;64;82;48;2;215;194;255m▀[0m[38;2;148;134;179;48;2;207;187;251m▀[0m[38;2;205;185;249;48;2;138;125;166m▀[0m[38;2;214;193;255;48;2;75;69;89m▀[0m[38;2;204;184;250;48;2;45;43;53m▀[0m[38;2;193;174;237;48;2;37;35;42m▀[0m[38;2;201;180;243;48;2;41;39;47m▀[0m[38;2;73;67;87;48;2;33;31;37m▀[0m[38;2;23;22;24;48;2;28;27;30m▀[0m[38;2;23;22;24;48;2;28;27;31m       [0m[38;2;22;21;24;48;2;28;27;31m▀[0m[38;2;29;29;30;48;2;29;28;32m▀[0m[38;2;23;22;25;48;2;29;28;32m▀[0m[38;2;40;46;45;48;2;26;24;29m▀[0m[38;2;64;82;76;48;2;28;24;30m▀[0m[38;2;67;86;78;48;2;34;32;36m▀[0m[38;2;55;68;64;48;2;24;21;26m▀[0m[38;2;27;26;29;48;2;28;27;31m▀[0m[38;2;52;50;57;48;2;25;25;28m▀[0m[38;2;84;81;95;48;2;26;26;28m▀[0m[38;2;87;83;97;48;2;31;31;34m▀[0m[38;2;69;65;76;48;2;22;22;25m▀[0m[38;2;69;65;76;48;2;28;27;31m    [0m[38;2;27;26;30;48;2;28;27;31m▀[0m[38;2;21;20;23;48;2;28;27;31m▀[0m[38;2;33;33;34;48;2;40;39;42m▀[0m[38;2;21;21;23;48;2;28;27;31m▀[0m[38;2;26;24;28;48;2;27;26;30m▀[0m[38;2;38;36;39;48;2;38;37;40m▀[0m[38;2;30;29;33;48;2;31;30;34m▀[0m[38;2;30;29;33;48;2;28;27;31m  [0m[38;2;30;29;33;48;2;27;26;30m [0m[38;2;30;29;33;48;2;38;37;41m [0m[38;2;30;29;33;48;2;31;30;33m [0m[38;2;27;25;30;48;2;27;26;30m▀[0m[38;2;33;31;35;48;2;32;31;35m▀[0m[38;2;36;34;39;48;2;34;33;37m▀[0m[38;2;26;25;29;48;2;27;26;30m▀[0m[38;2;26;25;29;48;2;28;27;31m [0m
      [48;2;28;27;31m              [0m[38;2;27;25;29;48;2;28;27;31m▀[0m[38;2;28;27;31;48;2;28;26;30m▀[0m[38;2;40;55;51;48;2;26;23;28m▀[0m[38;2;34;48;43;48;2;25;22;27m▀[0m[38;2;130;115;157;48;2;32;31;36m▀[0m[38;2;223;199;255;48;2;132;120;160m▀[0m[38;2;200;181;245;48;2;213;193;255m▀[0m[38;2;182;165;223;48;2;220;198;255m▀[0m[38;2;193;174;236;48;2;216;195;255m▀[0m[38;2;218;197;255;48;2;187;169;226m▀[0m[38;2;218;197;255;48;2;98;89;117m▀[0m[38;2;155;140;187;48;2;25;25;28m▀[0m[38;2;58;53;68;48;2;23;23;25m▀[0m[38;2;20;20;21;48;2;28;27;31m▀[0m[38;2;22;22;24;48;2;28;27;31m▀[0m[38;2;25;25;28;48;2;28;27;31m▀[0m[38;2;26;25;29;48;2;28;27;31m▀[0m[38;2;26;25;28;48;2;28;27;31m▀[0m[38;2;27;26;30;48;2;28;27;31m▀[0m[38;2;27;26;30;48;2;28;27;31m            [0m[38;2;29;28;32;48;2;28;27;31m▀[0m[38;2;31;30;34;48;2;28;27;31m▀[0m[38;2;31;30;34;48;2;28;27;31m   [0m[38;2;32;31;35;48;2;29;28;32m▀[0m[38;2;37;36;40;48;2;30;29;33m▀[0m[38;2;27;26;30;48;2;28;27;31m▀[0m[38;2;27;26;30;48;2;28;27;31m      [0m[38;2;27;26;30;48;2;40;39;42m [0m[38;2;27;26;30;48;2;28;27;31m  [0m[38;2;33;32;35;48;2;28;27;31m▀[0m[38;2;29;28;32;48;2;28;27;31m▀[0m[38;2;29;28;32;48;2;28;27;31m   [0m[38;2;33;32;36;48;2;28;27;31m▀[0m[38;2;29;28;32;48;2;28;27;31m▀[0m[38;2;29;28;32;48;2;28;27;31m     [0m
      [38;2;28;27;31;48;2;39;38;42m▀[0m[38;2;27;26;30;48;2;47;46;50m▀[0m[38;2;27;27;31;48;2;47;45;49m▀▀▀▀▀▀▀▀▀▀▀▀▀▀▀[0m[38;2;28;27;31;48;2;47;45;49m▀[0m[38;2;26;25;28;48;2;47;45;49m▀[0m[38;2;24;23;26;48;2;46;45;49m▀[0m[38;2;74;68;88;48;2;41;40;42m▀[0m[38;2;102;93;120;48;2;39;38;40m▀[0m[38;2;85;78;101;48;2;40;39;41m▀[0m[38;2;37;35;43;48;2;44;43;47m▀[0m[38;2;21;21;23;48;2;47;45;49m▀[0m[38;2;27;26;30;48;2;47;45;49m▀[0m[38;2;28;27;31;48;2;47;45;49m▀[0m[38;2;27;27;31;48;2;47;45;49m▀▀▀▀▀[0m[38;2;27;26;30;48;2;47;46;50m▀[0m[38;2;28;27;31;48;2;42;40;44m▀[0m[38;2;28;27;31;48;2;28;27;31m     [0m[38;2;28;27;31;48;2;27;26;30m▀[0m[38;2;28;27;31;48;2;40;39;43m▀[0m[38;2;27;26;30;48;2;47;46;50m▀[0m[38;2;27;27;31;48;2;47;45;49m▀▀▀▀▀▀▀▀[0m[38;2;27;26;30;48;2;47;45;49m▀▀[0m[38;2;28;27;31;48;2;47;45;49m▀[0m[38;2;27;27;31;48;2;47;45;49m▀▀▀▀▀▀[0m[38;2;33;32;36;48;2;46;45;49m▀[0m[38;2;27;27;31;48;2;47;45;49m▀▀▀▀▀▀▀▀▀▀▀▀[0m[38;2;27;26;30;48;2;47;46;50m▀[0m[38;2;28;27;31;48;2;40;39;43m▀[0m
