     â•­â”€â”€â”€â”€â”€â”€â”€â”€â”€â”€â”€â”€â”€â”€â”€â”€â”€â”€â”€â”€â”€â”€â”€â”€â”€â”€â”€â”€â”€â”€â”€â”€â”€â”€â”€â”€â”€â”€â”€â”€â”€â”€â”€â”€â”€â”€â”€â”€â”€â”€â”€â”€â”€â”€â”€â”€â”€â”€â”€â”€â”€â”€â”€â”€â”€â”€â”€â”€â”€â”€â”€â”€â”€â•®
[38;5;247m[1]:[0m â”‚                                                                         â”‚
     â•°â”€â”€â”€â”€â”€â”€â”€â”€â”€â”€â”€â”€â”€â”€â”€â”€â”€â”€â”€â”€â”€â”€â”€â”€â”€â”€â”€â”€â”€â”€â”€â”€â”€â”€â”€â”€â”€â”€â”€â”€â”€â”€â”€â”€â”€â”€â”€â”€â”€â”€â”€â”€â”€â”€â”€â”€â”€â”€â”€â”€â”€â”€â”€â”€â”€â”€â”€â”€â”€â”€â”€â”€â”€â•¯
                                                                                
[38;5;247m[1]:[0m  <AxesSubplot:>                                                            
                                                                                
      ]8;id=842249;file://{{ tempfile_path }}0.png\[94mðŸ–¼ Click to view Image[0m]8;;\                                                     
                                                                                
            [38;2;255;255;255mâ–„â–„â–„â–„â–„â–„â–„[0m[38;2;249;249;249mâ–„[0m[38;2;255;255;255mâ–„â–„â–„â–„â–„â–„â–„â–„[0m[38;2;250;250;250mâ–„[0m[38;2;252;252;252mâ–„[0m[38;2;255;255;255mâ–„â–„â–„â–„â–„â–„â–„[0m[38;2;252;252;252mâ–„[0m[38;2;250;250;250mâ–„[0m[38;2;255;255;255mâ–„â–„â–„â–„â–„â–„â–„â–„[0m[38;2;249;249;249mâ–„[0m[38;2;253;253;253mâ–„[0m[38;2;255;255;255mâ–„â–„â–„â–„â–„â–„â–„[0m[38;2;251;251;251mâ–„â–„[0m[38;2;255;255;255mâ–„â–„â–„â–„â–„â–„[0m                
       [38;2;119;119;119mâ–€[0m[38;2;116;116;116mâ–€[0m[38;2;113;113;113mâ–€[0m  [38;2;250;250;250;48;2;255;255;255mâ–€[0m[38;2;254;254;254;48;2;255;255;255mâ–€[0m[38;2;251;251;251;48;2;255;255;255mâ–€â–€â–€â–€â–€[0m[38;2;246;246;246;48;2;249;249;249mâ–€[0m[38;2;251;251;251;48;2;255;255;255mâ–€â–€â–€â–€â–€â–€â–€â–€[0m[38;2;247;247;247;48;2;250;250;250mâ–€[0m[38;2;250;250;250;48;2;253;253;253mâ–€[0m[38;2;251;251;251;48;2;255;255;255mâ–€â–€â–€â–€â–€â–€â–€[0m[38;2;249;249;249;48;2;253;253;253mâ–€[0m[38;2;247;247;247;48;2;250;250;250mâ–€[0m[38;2;251;251;251;48;2;255;255;255mâ–€â–€â–€â–€â–€â–€â–€â–€[0m[38;2;246;246;246;48;2;249;249;249mâ–€[0m[38;2;250;250;250;48;2;254;254;254mâ–€[0m[38;2;251;251;251;48;2;255;255;255mâ–€â–€â–€â–€â–€â–€[0m[38;2;251;251;251;48;2;254;253;255mâ–€[0m[38;2;250;251;249;48;2;206;176;248mâ–€[0m[38;2;250;252;248;48;2;194;159;246mâ–€[0m[38;2;253;255;251;48;2;198;162;249mâ–€[0m[38;2;253;255;251;48;2;200;165;249mâ–€[0m[38;2;251;252;251;48;2;247;241;254mâ–€[0m[38;2;251;251;251;48;2;232;233;231mâ–€[0m[38;2;252;252;252;48;2;234;234;234mâ–€[0m[38;2;248;248;248;48;2;255;255;255mâ–€[0m                
            [48;2;255;255;255m       [0m[48;2;249;249;249m [0m[48;2;255;255;255m        [0m[48;2;250;250;250m [0m[48;2;253;253;253m [0m[48;2;255;255;255m       [0m[48;2;253;253;253m [0m[48;2;250;250;250m [0m[48;2;255;255;255m        [0m[48;2;249;249;249m [0m[48;2;254;254;254m [0m[48;2;255;255;255m       [0m[38;2;246;243;252;48;2;254;253;252mâ–€[0m[38;2;244;240;250;48;2;253;253;251mâ–€[0m[38;2;248;244;254;48;2;255;255;255mâ–€â–€[0m[38;2;254;253;255;48;2;255;255;255mâ–€[0m[38;2;243;243;242;48;2;249;249;249mâ–€[0m[38;2;244;244;244;48;2;255;255;255mâ–€[0m[38;2;244;244;244;48;2;255;255;255m [0m                
            [48;2;255;255;255m       [0m[48;2;249;249;249m [0m[48;2;255;255;255m        [0m[48;2;250;250;250m [0m[48;2;253;253;253m [0m[48;2;255;255;255m       [0m[48;2;253;253;253m [0m[48;2;250;250;250m [0m[48;2;255;255;255m        [0m[48;2;249;249;249m [0m[48;2;254;254;254m [0m[48;2;255;255;255m      [0m[38;2;253;254;254;48;2;255;255;255mâ–€[0m[38;2;175;224;227;48;2;247;251;251mâ–€[0m[38;2;156;217;221;48;2;245;249;249mâ–€[0m[38;2;160;220;224;48;2;249;253;253mâ–€[0m[38;2;163;222;225;48;2;250;253;253mâ–€[0m[38;2;241;250;251;48;2;255;255;255mâ–€[0m[38;2;225;223;223;48;2;245;245;245mâ–€[0m[38;2;234;234;234;48;2;247;247;247mâ–€[0m[38;2;234;234;234;48;2;255;255;255m [0m                
        [38;2;116;116;116mâ–€[0m[38;2;115;115;115;48;2;118;118;118mâ–€[0m  [38;2;248;248;248;48;2;253;253;253mâ–€[0m[38;2;252;252;252;48;2;254;254;254mâ–€[0m[38;2;249;249;249;48;2;254;254;254mâ–€â–€â–€â–€â–€[0m[38;2;245;245;245;48;2;248;248;248mâ–€[0m[38;2;249;249;249;48;2;254;254;254mâ–€â–€â–€â–€â–€â–€â–€â–€[0m[38;2;245;245;245;48;2;249;249;249mâ–€[0m[38;2;248;248;248;48;2;252;252;252mâ–€[0m[38;2;249;249;249;48;2;254;254;254mâ–€â–€â–€â–€â–€â–€â–€[0m[38;2;248;248;248;48;2;252;252;252mâ–€[0m[38;2;245;245;245;48;2;249;249;249mâ–€[0m[38;2;249;249;249;48;2;254;254;254mâ–€â–€â–€â–€â–€â–€â–€â–€[0m[38;2;245;245;245;48;2;248;248;248mâ–€[0m[38;2;249;249;249;48;2;253;253;253mâ–€[0m[38;2;249;249;249;48;2;254;254;254mâ–€â–€â–€â–€â–€â–€â–€[0m[38;2;247;247;247;48;2;251;251;251mâ–€[0m[38;2;247;246;246;48;2;250;250;250mâ–€[0m[38;2;250;250;250;48;2;254;254;254mâ–€â–€[0m[38;2;250;249;249;48;2;254;254;254mâ–€[0m[38;2;251;251;251;48;2;254;254;254mâ–€â–€[0m[38;2;249;249;249;48;2;253;253;253mâ–€[0m                
            [48;2;255;255;255m       [0m[48;2;249;249;249m [0m[48;2;255;255;255m        [0m[48;2;250;250;250m [0m[48;2;253;253;253m [0m[48;2;255;255;255m       [0m[48;2;253;253;253m [0m[48;2;250;250;250m [0m[48;2;255;255;255m        [0m[48;2;249;249;249m [0m[48;2;254;254;254m [0m[48;2;255;255;255m       [0m[48;2;252;252;252m [0m[48;2;251;251;251m [0m[48;2;255;255;255m      [0m                
            [48;2;255;255;255m       [0m[48;2;249;249;249m [0m[48;2;255;255;255m        [0m[48;2;250;250;250m [0m[48;2;253;253;253m [0m[48;2;255;255;255m       [0m[48;2;253;253;253m [0m[48;2;250;250;250m [0m[48;2;255;255;255m        [0m[48;2;249;249;249m [0m[48;2;254;254;254m [0m[48;2;255;255;255m       [0m[48;2;252;252;252m [0m[48;2;251;251;251m [0m[48;2;255;255;255m      [0m                
        [38;2;118;118;118mâ–€[0m[38;2;115;115;115;48;2;118;118;118mâ–€[0m  [38;2;250;250;250;48;2;253;253;253mâ–€[0m[38;2;252;252;252;48;2;254;254;254mâ–€[0m[38;2;250;250;250;48;2;254;254;254mâ–€â–€â–€â–€â–€[0m[38;2;245;245;245;48;2;248;248;248mâ–€[0m[38;2;250;250;250;48;2;254;254;254mâ–€â–€â–€â–€â–€â–€â–€â–€[0m[38;2;245;245;245;48;2;249;249;249mâ–€[0m[38;2;248;248;248;48;2;252;252;252mâ–€[0m[38;2;250;250;250;48;2;254;254;254mâ–€â–€â–€â–€â–€â–€â–€[0m[38;2;248;248;248;48;2;252;252;252mâ–€[0m[38;2;245;245;245;48;2;249;249;249mâ–€[0m[38;2;250;250;250;48;2;254;254;254mâ–€â–€â–€â–€â–€â–€â–€â–€[0m[38;2;245;245;245;48;2;248;248;248mâ–€[0m[38;2;249;249;249;48;2;253;253;253mâ–€[0m[38;2;250;250;250;48;2;254;254;254mâ–€â–€â–€â–€â–€â–€â–€[0m[38;2;247;247;247;48;2;251;251;251mâ–€[0m[38;2;246;246;246;48;2;250;250;250mâ–€[0m[38;2;250;250;250;48;2;254;254;254mâ–€â–€â–€â–€â–€[0m[38;2;249;249;249;48;2;253;253;253mâ–€[0m                
            [48;2;255;255;255m       [0m[48;2;249;249;249m [0m[48;2;255;255;255m        [0m[48;2;250;250;250m [0m[48;2;253;253;253m [0m[48;2;255;255;255m       [0m[48;2;253;253;253m [0m[48;2;250;250;250m [0m[48;2;255;255;255m        [0m[48;2;249;249;249m [0m[48;2;254;254;254m [0m[48;2;255;255;255m       [0m[48;2;252;252;252m [0m[48;2;251;251;251m [0m[48;2;255;255;255m      [0m                
            [48;2;255;255;255m       [0m[48;2;249;249;249m [0m[48;2;255;255;255m        [0m[48;2;250;250;250m [0m[48;2;253;253;253m [0m[48;2;255;255;255m       [0m[48;2;253;253;253m [0m[48;2;250;250;250m [0m[48;2;255;255;255m        [0m[48;2;249;249;249m [0m[48;2;254;254;254m [0m[48;2;255;255;255m       [0m[48;2;252;252;252m [0m[48;2;251;251;251m [0m[48;2;255;255;255m      [0m                
        [38;2;115;115;115mâ–„[0m[38;2;114;114;114;48;2;118;118;118mâ–€[0m  [38;2;250;250;250;48;2;251;251;251mâ–€[0m[38;2;250;250;250;48;2;253;253;253m [0m[38;2;251;251;251;48;2;252;252;252mâ–€â–€â–€â–€â–€[0m[38;2;246;246;246;48;2;247;247;247mâ–€[0m[38;2;251;251;251;48;2;252;252;252mâ–€â–€â–€â–€â–€â–€â–€â–€[0m[38;2;247;247;247;48;2;248;248;248mâ–€[0m[38;2;249;249;249;48;2;250;250;250mâ–€[0m[38;2;251;251;251;48;2;252;252;252mâ–€â–€â–€â–€â–€â–€â–€[0m[38;2;249;249;249;48;2;250;250;250mâ–€[0m[38;2;247;247;247;48;2;248;248;248mâ–€[0m[38;2;251;251;251;48;2;252;252;252mâ–€â–€â–€â–€â–€â–€â–€â–€[0m[38;2;246;246;246;48;2;247;247;247mâ–€[0m[38;2;250;250;250;48;2;251;251;251mâ–€[0m[38;2;251;251;251;48;2;252;252;252mâ–€â–€â–€â–€â–€â–€â–€[0m[38;2;248;248;248;48;2;249;249;249mâ–€[0m[38;2;247;247;247;48;2;249;249;249mâ–€[0m[38;2;251;251;251;48;2;252;252;252mâ–€â–€â–€â–€[0m[38;2;251;251;251;48;2;253;253;253mâ–€[0m[38;2;250;250;250;48;2;251;251;251mâ–€[0m                
            [48;2;255;255;255m       [0m[48;2;249;249;249m [0m[48;2;255;255;255m        [0m[48;2;250;250;250m [0m[48;2;253;253;253m [0m[48;2;255;255;255m       [0m[48;2;253;253;253m [0m[48;2;250;250;250m [0m[48;2;255;255;255m        [0m[48;2;249;249;249m [0m[48;2;254;254;254m [0m[48;2;255;255;255m       [0m[48;2;252;252;252m [0m[48;2;251;251;251m [0m[48;2;255;255;255m      [0m                
            [48;2;255;255;255m       [0m[48;2;249;249;249m [0m[48;2;255;255;255m        [0m[48;2;250;250;250m [0m[48;2;253;253;253m [0m[48;2;255;255;255m       [0m[48;2;253;253;253m [0m[48;2;250;250;250m [0m[48;2;255;255;255m        [0m[48;2;249;249;249m [0m[48;2;254;254;254m [0m[48;2;255;255;255m       [0m[48;2;252;252;252m [0m[48;2;251;251;251m [0m[48;2;255;255;255m      [0m                
        [38;2;118;118;118mâ–„[0m[38;2;115;115;115mâ–„[0m  [38;2;250;250;250;48;2;251;251;251mâ–€[0m[38;2;250;250;250;48;2;253;253;253m [0m[38;2;251;251;251;48;2;252;252;252mâ–€â–€â–€â–€â–€[0m[38;2;251;251;251;48;2;246;246;246m [0m[38;2;251;251;251;48;2;252;252;252mâ–€â–€â–€â–€â–€â–€â–€â–€[0m[38;2;251;251;251;48;2;247;247;247m [0m[38;2;249;249;249;48;2;250;250;250mâ–€[0m[38;2;251;251;251;48;2;252;252;252mâ–€â–€â–€â–€â–€â–€â–€[0m[38;2;249;249;249;48;2;250;250;250mâ–€[0m[38;2;249;249;249;48;2;247;247;247m [0m[38;2;251;251;251;48;2;252;252;252mâ–€â–€â–€â–€â–€â–€â–€â–€[0m[38;2;251;251;251;48;2;246;246;246m [0m[38;2;250;250;250;48;2;251;251;251mâ–€[0m[38;2;251;251;251;48;2;252;252;252mâ–€â–€â–€â–€â–€â–€â–€[0m[38;2;248;248;248;48;2;249;249;249mâ–€[0m[38;2;248;248;248;48;2;248;248;248m [0m[38;2;251;251;251;48;2;252;252;252mâ–€â–€â–€â–€[0m[38;2;251;251;251;48;2;252;252;252m [0m[38;2;250;250;250;48;2;251;251;251mâ–€[0m                
            [48;2;255;255;255m       [0m[48;2;249;249;249m [0m[48;2;255;255;255m        [0m[48;2;250;250;250m [0m[48;2;253;253;253m [0m[48;2;255;255;255m       [0m[48;2;253;253;253m [0m[48;2;250;250;250m [0m[48;2;255;255;255m        [0m[48;2;249;249;249m [0m[48;2;254;254;254m [0m[48;2;255;255;255m       [0m[48;2;252;252;252m [0m[48;2;251;251;251m [0m[48;2;255;255;255m      [0m                
            [48;2;255;255;255m       [0m[48;2;249;249;249m [0m[48;2;255;255;255m        [0m[48;2;250;250;250m [0m[48;2;253;253;253m [0m[48;2;255;255;255m       [0m[48;2;253;253;253m [0m[48;2;250;250;250m [0m[48;2;255;255;255m        [0m[48;2;249;249;249m [0m[48;2;254;254;254m [0m[48;2;255;255;255m       [0m[48;2;252;252;252m [0m[48;2;251;251;251m [0m[48;2;255;255;255m      [0m                
        [38;2;117;117;117mâ–„[0m[38;2;118;118;118mâ–„[0m  [38;2;251;251;251;48;2;252;252;252mâ–€[0m[38;2;254;254;254;48;2;255;255;255mâ–€[0m[38;2;253;253;253;48;2;255;255;255mâ–€â–€â–€â–€â–€[0m[38;2;247;247;247;48;2;254;254;254mâ–€[0m[38;2;253;253;253;48;2;255;255;255mâ–€â–€â–€â–€â–€â–€â–€â–€[0m[38;2;248;248;248;48;2;255;255;255mâ–€[0m[38;2;251;251;251;48;2;255;255;255mâ–€[0m[38;2;253;253;253;48;2;255;255;255mâ–€â–€â–€â–€â–€â–€â–€[0m[38;2;251;251;251;48;2;255;255;255mâ–€[0m[38;2;248;248;248;48;2;255;255;255mâ–€[0m[38;2;253;253;253;48;2;255;255;255mâ–€â–€â–€â–€â–€â–€â–€â–€[0m[38;2;247;247;247;48;2;254;254;254mâ–€[0m[38;2;252;252;252;48;2;255;255;255mâ–€[0m[38;2;253;253;253;48;2;255;255;255mâ–€â–€â–€â–€â–€â–€â–€[0m[38;2;250;250;250;48;2;255;255;255mâ–€[0m[38;2;249;249;249;48;2;255;255;255mâ–€[0m[38;2;253;253;253;48;2;255;255;255mâ–€â–€â–€â–€â–€[0m[38;2;252;252;252;48;2;251;251;251mâ–€[0m                
            [38;2;221;221;221mâ–€[0m[38;2;223;223;223mâ–€[0m[38;2;221;221;221mâ–€â–€â–€â–€â–€[0m[38;2;216;216;216mâ–€[0m[38;2;221;221;221mâ–€â–€â–€â–€â–€â–€â–€â–€[0m[38;2;218;218;218mâ–€[0m[38;2;220;220;220mâ–€[0m[38;2;221;221;221mâ–€â–€â–€â–€â–€â–€â–€[0m[38;2;220;220;220mâ–€[0m[38;2;218;218;218mâ–€[0m[38;2;221;221;221mâ–€â–€â–€â–€â–€â–€â–€â–€[0m[38;2;216;216;216mâ–€[0m[38;2;220;220;220mâ–€[0m[38;2;221;221;221mâ–€â–€â–€â–€â–€â–€â–€[0m[38;2;219;219;219mâ–€[0m[38;2;218;218;218mâ–€[0m[38;2;221;221;221mâ–€â–€â–€â–€â–€[0m[38;2;220;220;220mâ–€[0m                
                  [38;2;115;115;115mâ–„[0m[38;2;114;114;114mâ–„[0m[38;2;117;117;117mâ–„â–„[0m     [38;2;115;115;115mâ–„[0m[38;2;112;112;112mâ–„[0m[38;2;119;119;119mâ–„[0m[38;2;116;116;116mâ–„[0m     [38;2;121;121;121mâ–„[0m[38;2;117;117;117mâ–„[0m[38;2;116;116;116mâ–„[0m[38;2;117;117;117mâ–„[0m      [38;2;118;118;118mâ–„[0m[38;2;115;115;115mâ–„â–„[0m      [38;2;120;120;120mâ–„[0m[38;2;119;119;119mâ–„[0m[38;2;117;117;117mâ–„[0m[38;2;115;115;115mâ–„[0m                     
                  [38;2;117;117;117mâ–€[0m [38;2;116;116;116mâ–€[0m[38;2;118;118;118mâ–€[0m     [38;2;118;118;118mâ–€[0m [38;2;115;115;115mâ–€[0m[38;2;118;118;118mâ–€[0m      [38;2;116;116;116mâ–€[0m[38;2;118;118;118mâ–€[0m[38;2;119;119;119mâ–€[0m      [38;2;115;115;115mâ–€[0m[38;2;113;113;113mâ–€[0m[38;2;116;116;116mâ–€[0m      [38;2;115;115;115mâ–€â–€[0m[38;2;118;118;118mâ–€[0m[38;2;116;116;116mâ–€[0m                     
