      [1;38;2;255;255;255;48;2;96;2;238m [0m[1;38;2;255;255;255;48;2;96;2;238mLorem ipsum[0m[1;38;2;255;255;255;48;2;96;2;238m [0m[1;38;2;255;255;255;48;2;96;2;238m                                                             [0m
      [2;38;2;96;2;238m──────────────────────────────────────────────────────────────────────────[0m
                                                                                
     ╭─────────────────────────────────────────────────────────────────────────╮
[38;5;247m[1]:[0m │ [1;38;2;0;128;0;49mimport[0m[38;2;0;0;0;49m [0m[1;38;2;0;0;255;49mmatplotlib[0m[1;38;2;0;0;255;49m.[0m[1;38;2;0;0;255;49mpyplot[0m[38;2;0;0;0;49m [0m[1;38;2;0;128;0;49mas[0m[38;2;0;0;0;49m [0m[1;38;2;0;0;255;49mplt[0m                                         │
     │ [1;38;2;0;128;0;49mimport[0m[38;2;0;0;0;49m [0m[1;38;2;0;0;255;49mseaborn[0m[38;2;0;0;0;49m [0m[1;38;2;0;128;0;49mas[0m[38;2;0;0;0;49m [0m[1;38;2;0;0;255;49msns[0m                                                   │
     ╰─────────────────────────────────────────────────────────────────────────╯
                                                                                
                                                                                
      [1;38;2;3;218;197m## [0m[1;38;2;3;218;197mCondimentum[0m[1;38;2;3;218;197m                                                            [0m
      [2;38;2;3;218;197m──────────────────────────────────────────────────────────────────────────[0m
                                                                                
      Lorem ipsum dolor sit amet, [3mconsectetur[0m adipiscing elit, sed do eiusmod   
      tempor incididunt ut labore et dolore magna aliqua. Sunt ]8;id=714306;https://github.com/paw-lu/nbpreview\[94min culpa qui [0m]8;;\    
      ]8;id=714306;https://github.com/paw-lu/nbpreview\[94mofficia[0m]8;;\ deserunt mollit anim id est laborum.                              
                                                                                
     ╭─────────────────────────────────────────────────────────────────────────╮
[38;5;247m[2]:[0m │ [38;2;0;0;0;49mfmri[0m[38;2;0;0;0;49m [0m[38;2;102;102;102;49m=[0m[38;2;0;0;0;49m [0m[38;2;0;0;0;49msns[0m[38;2;102;102;102;49m.[0m[38;2;0;0;0;49mload_dataset[0m[38;2;0;0;0;49m([0m[38;2;186;33;33;49m"[0m[38;2;186;33;33;49mfmri[0m[38;2;186;33;33;49m"[0m[38;2;0;0;0;49m)[0m                                         │
     │ [38;2;0;0;0;49mtips[0m[38;2;0;0;0;49m [0m[38;2;102;102;102;49m=[0m[38;2;0;0;0;49m [0m[38;2;0;0;0;49msns[0m[38;2;102;102;102;49m.[0m[38;2;0;0;0;49mload_dataset[0m[38;2;0;0;0;49m([0m[38;2;186;33;33;49m"[0m[38;2;186;33;33;49mtips[0m[38;2;186;33;33;49m"[0m[38;2;0;0;0;49m)[0m                                         │
     │ [38;2;0;0;0;49mfmri[0m[38;2;102;102;102;49m.[0m[38;2;0;0;0;49mhead[0m[38;2;0;0;0;49m([0m[38;2;0;0;0;49m)[0m                                                             │
     ╰─────────────────────────────────────────────────────────────────────────╯
                                                                                
[38;5;247m[2]:[0m  ]8;id=665280;file://{{ tempfile_path }}0.html\[94m🌐 Click to view HTML[0m]8;;\                                                     
                                                                                
[38;5;247m[2]:[0m   [1m [0m   [1msubject[0m   [1mtimepoint[0m   [1mevent[0m   [1m  region[0m   [1m   signal[0m                   
      ────────────────────────────────────────────────────────                  
       [1m0[0m       s13          18    stim   parietal   -0.017552                   
       [1m1[0m        s5          14    stim   parietal   -0.080883                   
       [1m2[0m       s12          18    stim   parietal   -0.081033                   
       [1m3[0m       s11          18    stim   parietal   -0.046134                   
       [1m4[0m       s10          18    stim   parietal   -0.037970                   
                                                                                
     ╭─────────────────────────────────────────────────────────────────────────╮
[38;5;247m[3]:[0m │ [38;2;0;0;0;49m_[0m[38;2;0;0;0;49m,[0m[38;2;0;0;0;49m [0m[38;2;0;0;0;49m([0m[38;2;0;0;0;49max_line[0m[38;2;0;0;0;49m,[0m[38;2;0;0;0;49m [0m[38;2;0;0;0;49max_box[0m[38;2;0;0;0;49m)[0m[38;2;0;0;0;49m [0m[38;2;102;102;102;49m=[0m[38;2;0;0;0;49m [0m[38;2;0;0;0;49mplt[0m[38;2;102;102;102;49m.[0m[38;2;0;0;0;49msubplots[0m[38;2;0;0;0;49m([0m[38;2;0;0;0;49mncols[0m[38;2;102;102;102;49m=[0m[38;2;102;102;102;49m2[0m[38;2;0;0;0;49m,[0m[38;2;0;0;0;49m [0m[38;2;0;0;0;49mfacecolor[0m[38;2;102;102;102;49m=[0m[38;2;186;33;33;49m"[0m[38;2;186;33;33;49m#1C1B1F[0m[38;2;186;33;33;49m"[0m[38;2;0;0;0;49m,[0m[38;2;0;0;0;49m [0m[38;2;0;0;0;49mfigs…[0m │
     │ [38;2;0;0;0;49m([0m                                                                       │
     │ [38;2;0;0;0;49m    [0m[38;2;0;0;0;49mfmri[0m[38;2;102;102;102;49m.[0m[38;2;0;0;0;49mpipe[0m[38;2;0;0;0;49m([0m                                                          │
     │ [38;2;0;0;0;49m        [0m[38;2;0;0;0;49m([0m[38;2;0;0;0;49msns[0m[38;2;102;102;102;49m.[0m[38;2;0;0;0;49mlineplot[0m[38;2;0;0;0;49m,[0m[38;2;0;0;0;49m [0m[38;2;186;33;33;49m"[0m[38;2;186;33;33;49mdata[0m[38;2;186;33;33;49m"[0m[38;2;0;0;0;49m)[0m[38;2;0;0;0;49m,[0m                                         │
     │ [38;2;0;0;0;49m        [0m[38;2;0;0;0;49mx[0m[38;2;102;102;102;49m=[0m[38;2;186;33;33;49m"[0m[38;2;186;33;33;49mtimepoint[0m[38;2;186;33;33;49m"[0m[38;2;0;0;0;49m,[0m                                                  │
     │ [38;2;0;0;0;49m        [0m[38;2;0;0;0;49my[0m[38;2;102;102;102;49m=[0m[38;2;186;33;33;49m"[0m[38;2;186;33;33;49msignal[0m[38;2;186;33;33;49m"[0m[38;2;0;0;0;49m,[0m                                                     │
     │ [38;2;0;0;0;49m        [0m[38;2;0;0;0;49mhue[0m[38;2;102;102;102;49m=[0m[38;2;186;33;33;49m"[0m[38;2;186;33;33;49mevent[0m[38;2;186;33;33;49m"[0m[38;2;0;0;0;49m,[0m                                                    │
     │ [38;2;0;0;0;49m        [0m[38;2;0;0;0;49max[0m[38;2;102;102;102;49m=[0m[38;2;0;0;0;49max_line[0m[38;2;0;0;0;49m,[0m                                                     │
     │ [38;2;0;0;0;49m        [0m[38;2;0;0;0;49merr_kws[0m[38;2;102;102;102;49m=[0m[38;2;0;0;0;49m{[0m[38;2;186;33;33;49m"[0m[38;2;186;33;33;49malpha[0m[38;2;186;33;33;49m"[0m[38;2;0;0;0;49m:[0m[38;2;0;0;0;49m [0m[38;2;102;102;102;49m1[0m[38;2;0;0;0;49m}[0m[38;2;0;0;0;49m,[0m                                           │
     │ [38;2;0;0;0;49m    [0m[38;2;0;0;0;49m)[0m[38;2;102;102;102;49m.[0m[38;2;0;0;0;49mset[0m[38;2;0;0;0;49m([0m                                                              │
     │ [38;2;0;0;0;49m        [0m[38;2;0;0;0;49mxlabel[0m[38;2;102;102;102;49m=[0m[1;38;2;0;128;0;49mNone[0m[38;2;0;0;0;49m,[0m                                                    │
     │ [38;2;0;0;0;49m        [0m[38;2;0;0;0;49mylabel[0m[38;2;102;102;102;49m=[0m[1;38;2;0;128;0;49mNone[0m[38;2;0;0;0;49m,[0m                                                    │
     │ [38;2;0;0;0;49m        [0m[38;2;0;0;0;49myticks[0m[38;2;102;102;102;49m=[0m[38;2;0;0;0;49m[[0m[38;2;0;0;0;49m][0m[38;2;0;0;0;49m,[0m                                                      │
     │ [38;2;0;0;0;49m        [0m[38;2;0;0;0;49mxticks[0m[38;2;102;102;102;49m=[0m[38;2;0;0;0;49m[[0m[38;2;0;0;0;49m][0m[38;2;0;0;0;49m,[0m                                                      │
     │ [38;2;0;0;0;49m    [0m[38;2;0;0;0;49m)[0m                                                                   │
     │ [38;2;0;0;0;49m)[0m                                                                       │
     │                                                                         │
     │ [38;2;0;0;0;49m([0m                                                                       │
     │ [38;2;0;0;0;49m    [0m[38;2;0;0;0;49mtips[0m[38;2;102;102;102;49m.[0m[38;2;0;0;0;49mpipe[0m[38;2;0;0;0;49m([0m                                                          │
     │ [38;2;0;0;0;49m        [0m[38;2;0;0;0;49m([0m[38;2;0;0;0;49msns[0m[38;2;102;102;102;49m.[0m[38;2;0;0;0;49mboxplot[0m[38;2;0;0;0;49m,[0m[38;2;0;0;0;49m [0m[38;2;186;33;33;49m"[0m[38;2;186;33;33;49mdata[0m[38;2;186;33;33;49m"[0m[38;2;0;0;0;49m)[0m[38;2;0;0;0;49m,[0m                                          │
     │ [38;2;0;0;0;49m        [0m[38;2;0;0;0;49mx[0m[38;2;102;102;102;49m=[0m[38;2;186;33;33;49m"[0m[38;2;186;33;33;49mday[0m[38;2;186;33;33;49m"[0m[38;2;0;0;0;49m,[0m                                                        │
     │ [38;2;0;0;0;49m        [0m[38;2;0;0;0;49my[0m[38;2;102;102;102;49m=[0m[38;2;186;33;33;49m"[0m[38;2;186;33;33;49mtotal_bill[0m[38;2;186;33;33;49m"[0m[38;2;0;0;0;49m,[0m                                                 │
     │ [38;2;0;0;0;49m        [0m[38;2;0;0;0;49mhue[0m[38;2;102;102;102;49m=[0m[38;2;186;33;33;49m"[0m[38;2;186;33;33;49msmoker[0m[38;2;186;33;33;49m"[0m[38;2;0;0;0;49m,[0m                                                   │
     │ [38;2;0;0;0;49m        [0m[38;2;0;0;0;49max[0m[38;2;102;102;102;49m=[0m[38;2;0;0;0;49max_box[0m[38;2;0;0;0;49m,[0m                                                      │
     │ [38;2;0;0;0;49m    [0m[38;2;0;0;0;49m)[0m[38;2;102;102;102;49m.[0m[38;2;0;0;0;49mset[0m[38;2;0;0;0;49m([0m                                                              │
     │ [38;2;0;0;0;49m        [0m[38;2;0;0;0;49mxlabel[0m[38;2;102;102;102;49m=[0m[1;38;2;0;128;0;49mNone[0m[38;2;0;0;0;49m,[0m                                                    │
     │ [38;2;0;0;0;49m        [0m[38;2;0;0;0;49mylabel[0m[38;2;102;102;102;49m=[0m[1;38;2;0;128;0;49mNone[0m[38;2;0;0;0;49m,[0m                                                    │
     │ [38;2;0;0;0;49m        [0m[38;2;0;0;0;49myticks[0m[38;2;102;102;102;49m=[0m[38;2;0;0;0;49m[[0m[38;2;0;0;0;49m][0m[38;2;0;0;0;49m,[0m                                                      │
     │ [38;2;0;0;0;49m        [0m[38;2;0;0;0;49mxticks[0m[38;2;102;102;102;49m=[0m[38;2;0;0;0;49m[[0m[38;2;0;0;0;49m][0m[38;2;0;0;0;49m,[0m                                                      │
     │ [38;2;0;0;0;49m    [0m[38;2;0;0;0;49m)[0m                                                                   │
     │ [38;2;0;0;0;49m)[0m                                                                       │
     ╰─────────────────────────────────────────────────────────────────────────╯
                                                                                
[38;5;247m[3]:[0m  [Text(0.5, 0, ''), Text(0, 0.5, ''), [], []]                              
                                                                                
      ]8;id=534037;file://{{ tempfile_path }}1.png\[94m🖼 Click to view Image[0m]8;;\                                                     
                                                                                
      [38;2;28;27;31mG[0m[38;2;28;27;31mG[0m[38;2;28;27;31mG[0m[38;2;28;27;31mG[0m[38;2;28;27;31mG[0m[38;2;28;27;31mG[0m[38;2;28;27;31mG[0m[38;2;28;27;31mG[0m[38;2;28;27;31mG[0m[38;2;28;27;31mG[0m[38;2;28;27;31mG[0m[38;2;28;27;31mG[0m[38;2;28;27;31mG[0m[38;2;28;27;31mG[0m[38;2;28;27;31mG[0m[38;2;28;27;31mG[0m[38;2;28;27;31mG[0m[38;2;28;27;31mG[0m[38;2;28;27;31mG[0m[38;2;28;27;31mG[0m[38;2;28;27;31mG[0m[38;2;28;27;31mG[0m[38;2;28;27;31mG[0m[38;2;28;27;31mG[0m[38;2;28;27;31mG[0m[38;2;28;27;31mG[0m[38;2;28;27;31mG[0m[38;2;28;27;31mG[0m[38;2;28;27;31mG[0m[38;2;28;27;31mG[0m[38;2;28;27;31mG[0m[38;2;28;27;31mG[0m[38;2;28;27;31mG[0m[38;2;28;27;31mG[0m[38;2;28;27;31mG[0m[38;2;28;27;31mG[0m[38;2;28;27;31mG[0m[38;2;28;27;31mG[0m[38;2;28;27;31mG[0m[38;2;28;27;31mG[0m[38;2;28;27;31mG[0m[38;2;28;27;31mG[0m[38;2;28;27;31mG[0m[38;2;28;27;31mG[0m[38;2;28;27;31mG[0m[38;2;28;27;31mG[0m[38;2;28;27;31mG[0m[38;2;28;27;31mG[0m[38;2;28;27;31mG[0m[38;2;28;27;31mG[0m[38;2;28;27;31mG[0m[38;2;28;27;31mG[0m[38;2;28;27;31mG[0m[38;2;28;27;31mG[0m[38;2;28;27;31mG[0m[38;2;28;27;31mG[0m[38;2;28;27;31mG[0m[38;2;28;27;31mG[0m[38;2;28;27;31mG[0m[38;2;28;27;31mG[0m[38;2;28;27;31mG[0m[38;2;28;27;31mG[0m[38;2;28;27;31mG[0m[38;2;28;27;31mG[0m[38;2;28;27;31mG[0m[38;2;28;27;31mG[0m[38;2;28;27;31mG[0m[38;2;28;27;31mG[0m[38;2;28;27;31mG[0m[38;2;28;27;31mG[0m[38;2;28;27;31mG[0m[38;2;28;27;31mG[0m[38;2;28;27;31mG[0m[38;2;28;27;31mG[0m
      [38;2;28;27;31mG[0m[38;2;28;27;31mG[0m[38;2;28;27;31mG[0m[38;2;28;27;31mG[0m[38;2;28;27;31mG[0m[38;2;28;27;31mG[0m[38;2;28;27;31mG[0m[38;2;28;27;31mG[0m[38;2;28;27;31mG[0m[38;2;28;27;31mG[0m[38;2;208;188;255m:[0m[38;2;208;188;255m:[0m[38;2;208;188;255m:[0m[38;2;28;27;31mG[0m[38;2;28;27;31mG[0m[38;2;28;27;31mG[0m[38;2;28;27;31mG[0m[38;2;28;27;31mG[0m[38;2;28;27;31mG[0m[38;2;28;27;31mG[0m[38;2;28;27;31mG[0m[38;2;28;27;31mG[0m[38;2;28;27;31mG[0m[38;2;28;27;31mG[0m[38;2;28;27;31mG[0m[38;2;28;27;31mG[0m[38;2;28;27;31mG[0m[38;2;28;27;31mG[0m[38;2;28;27;31mG[0m[38;2;28;27;31mG[0m[38;2;28;27;31mG[0m[38;2;28;27;31mG[0m[38;2;28;27;31mG[0m[38;2;28;27;31mG[0m[38;2;28;27;31mG[0m[38;2;28;27;31mG[0m[38;2;28;27;31mG[0m[38;2;28;27;31mG[0m[38;2;28;27;31mG[0m[38;2;28;27;31mG[0m[38;2;28;27;31mG[0m[38;2;28;27;31mG[0m[38;2;28;27;31mG[0m[38;2;28;27;31mG[0m[38;2;28;27;31mG[0m[38;2;28;27;31mG[0m[38;2;28;27;31mG[0m[38;2;28;27;31mG[0m[38;2;28;27;31mG[0m[38;2;28;27;31mG[0m[38;2;28;27;31mG[0m[38;2;28;27;31mG[0m[38;2;28;27;31mG[0m[38;2;28;27;31mG[0m[38;2;28;27;31mG[0m[38;2;28;27;31mG[0m[38;2;28;27;31mG[0m[38;2;28;27;31mG[0m[38;2;28;27;31mG[0m[38;2;28;27;31mG[0m[38;2;28;27;31mG[0m[38;2;28;27;31mG[0m[38;2;28;27;31mG[0m[38;2;28;27;31mG[0m[38;2;28;27;31mG[0m[38;2;28;27;31mG[0m[38;2;28;27;31mG[0m[38;2;28;27;31mG[0m[38;2;28;27;31mG[0m[38;2;28;27;31mG[0m[38;2;28;27;31mG[0m[38;2;28;27;31mG[0m[38;2;28;27;31mG[0m[38;2;28;27;31mG[0m
      [38;2;28;27;31mG[0m[38;2;28;27;31mG[0m[38;2;28;27;31mG[0m[38;2;28;27;31mG[0m[38;2;28;27;31mG[0m[38;2;28;27;31mG[0m[38;2;28;27;31mG[0m[38;2;28;27;31mG[0m[38;2;28;27;31mG[0m[38;2;208;188;255m:[0m[38;2;208;188;255m:[0m[38;2;208;188;255m:[0m[38;2;208;188;255m:[0m[38;2;208;188;255m:[0m[38;2;28;27;31mG[0m[38;2;28;27;31mG[0m[38;2;28;27;31mG[0m[38;2;28;27;31mG[0m[38;2;28;27;31mG[0m[38;2;28;27;31mG[0m[38;2;28;27;31mG[0m[38;2;28;27;31mG[0m[38;2;28;27;31mG[0m[38;2;28;27;31mG[0m[38;2;28;27;31mG[0m[38;2;28;27;31mG[0m[38;2;28;27;31mG[0m[38;2;28;27;31mG[0m[38;2;28;27;31mG[0m[38;2;28;27;31mG[0m[38;2;28;27;31mG[0m[38;2;28;27;31mG[0m[38;2;28;27;31mG[0m[38;2;28;27;31mG[0m[38;2;28;27;31mG[0m[38;2;28;27;31mG[0m[38;2;28;27;31mG[0m[38;2;28;27;31mG[0m[38;2;28;27;31mG[0m[38;2;28;27;31mG[0m[38;2;28;27;31mG[0m[38;2;28;27;31mG[0m[38;2;28;27;31mG[0m[38;2;28;27;31mG[0m[38;2;28;27;31mG[0m[38;2;28;27;31mG[0m[38;2;28;27;31mG[0m[38;2;28;27;31mG[0m[38;2;28;27;31mG[0m[38;2;28;27;31mG[0m[38;2;28;27;31mG[0m[38;2;28;27;31mG[0m[38;2;28;27;31mG[0m[38;2;28;27;31mG[0m[38;2;28;27;31mG[0m[38;2;28;27;31mG[0m[38;2;28;27;31mG[0m[38;2;28;27;31mG[0m[38;2;28;27;31mG[0m[38;2;99;99;99mP[0m[38;2;28;27;31mG[0m[38;2;28;27;31mG[0m[38;2;28;27;31mG[0m[38;2;28;27;31mG[0m[38;2;28;27;31mG[0m[38;2;28;27;31mG[0m[38;2;28;27;31mG[0m[38;2;28;27;31mG[0m[38;2;28;27;31mG[0m[38;2;28;27;31mG[0m[38;2;28;27;31mG[0m[38;2;28;27;31mG[0m[38;2;28;27;31mG[0m[38;2;28;27;31mG[0m
      [38;2;28;27;31mG[0m[38;2;28;27;31mG[0m[38;2;28;27;31mG[0m[38;2;28;27;31mG[0m[38;2;28;27;31mG[0m[38;2;28;27;31mG[0m[38;2;28;27;31mG[0m[38;2;28;27;31mG[0m[38;2;28;27;31mG[0m[38;2;208;188;255m:[0m[38;2;28;27;31mG[0m[38;2;28;27;31mG[0m[38;2;208;188;255m:[0m[38;2;208;188;255m:[0m[38;2;28;27;31mG[0m[38;2;28;27;31mG[0m[38;2;28;27;31mG[0m[38;2;28;27;31mG[0m[38;2;28;27;31mG[0m[38;2;28;27;31mG[0m[38;2;28;27;31mG[0m[38;2;28;27;31mG[0m[38;2;28;27;31mG[0m[38;2;28;27;31mG[0m[38;2;28;27;31mG[0m[38;2;28;27;31mG[0m[38;2;28;27;31mG[0m[38;2;28;27;31mG[0m[38;2;28;27;31mG[0m[38;2;28;27;31mG[0m[38;2;28;27;31mG[0m[38;2;28;27;31mG[0m[38;2;28;27;31mG[0m[38;2;28;27;31mG[0m[38;2;28;27;31mG[0m[38;2;28;27;31mG[0m[38;2;28;27;31mG[0m[38;2;28;27;31mG[0m[38;2;28;27;31mG[0m[38;2;28;27;31mG[0m[38;2;28;27;31mG[0m[38;2;28;27;31mG[0m[38;2;28;27;31mG[0m[38;2;28;27;31mG[0m[38;2;28;27;31mG[0m[38;2;28;27;31mG[0m[38;2;28;27;31mG[0m[38;2;28;27;31mG[0m[38;2;28;27;31mG[0m[38;2;28;27;31mG[0m[38;2;28;27;31mG[0m[38;2;28;27;31mG[0m[38;2;28;27;31mG[0m[38;2;28;27;31mG[0m[38;2;28;27;31mG[0m[38;2;28;27;31mG[0m[38;2;28;27;31mG[0m[38;2;28;27;31mG[0m[38;2;28;27;31mG[0m[38;2;99;99;99mP[0m[38;2;28;27;31mG[0m[38;2;28;27;31mG[0m[38;2;28;27;31mG[0m[38;2;28;27;31mG[0m[38;2;28;27;31mG[0m[38;2;28;27;31mG[0m[38;2;28;27;31mG[0m[38;2;28;27;31mG[0m[38;2;28;27;31mG[0m[38;2;28;27;31mG[0m[38;2;28;27;31mG[0m[38;2;28;27;31mG[0m[38;2;28;27;31mG[0m[38;2;28;27;31mG[0m
      [38;2;28;27;31mG[0m[38;2;28;27;31mG[0m[38;2;28;27;31mG[0m[38;2;28;27;31mG[0m[38;2;28;27;31mG[0m[38;2;28;27;31mG[0m[38;2;28;27;31mG[0m[38;2;28;27;31mG[0m[38;2;208;188;255m:[0m[38;2;28;27;31mG[0m[38;2;28;27;31mG[0m[38;2;28;27;31mG[0m[38;2;28;27;31mG[0m[38;2;208;188;255m:[0m[38;2;208;188;255m:[0m[38;2;28;27;31mG[0m[38;2;28;27;31mG[0m[38;2;28;27;31mG[0m[38;2;28;27;31mG[0m[38;2;28;27;31mG[0m[38;2;28;27;31mG[0m[38;2;28;27;31mG[0m[38;2;28;27;31mG[0m[38;2;28;27;31mG[0m[38;2;28;27;31mG[0m[38;2;28;27;31mG[0m[38;2;28;27;31mG[0m[38;2;28;27;31mG[0m[38;2;28;27;31mG[0m[38;2;28;27;31mG[0m[38;2;28;27;31mG[0m[38;2;28;27;31mG[0m[38;2;28;27;31mG[0m[38;2;28;27;31mG[0m[38;2;28;27;31mG[0m[38;2;28;27;31mG[0m[38;2;28;27;31mG[0m[38;2;28;27;31mG[0m[38;2;28;27;31mG[0m[38;2;28;27;31mG[0m[38;2;28;27;31mG[0m[38;2;28;27;31mG[0m[38;2;28;27;31mG[0m[38;2;28;27;31mG[0m[38;2;28;27;31mG[0m[38;2;28;27;31mG[0m[38;2;28;27;31mG[0m[38;2;28;27;31mG[0m[38;2;28;27;31mG[0m[38;2;28;27;31mG[0m[38;2;28;27;31mG[0m[38;2;28;27;31mG[0m[38;2;28;27;31mG[0m[38;2;28;27;31mG[0m[38;2;28;27;31mG[0m[38;2;28;27;31mG[0m[38;2;28;27;31mG[0m[38;2;28;27;31mG[0m[38;2;28;27;31mG[0m[38;2;99;99;99mP[0m[38;2;28;27;31mG[0m[38;2;28;27;31mG[0m[38;2;28;27;31mG[0m[38;2;28;27;31mG[0m[38;2;28;27;31mG[0m[38;2;28;27;31mG[0m[38;2;28;27;31mG[0m[38;2;28;27;31mG[0m[38;2;28;27;31mG[0m[38;2;28;27;31mG[0m[38;2;28;27;31mG[0m[38;2;28;27;31mG[0m[38;2;28;27;31mG[0m[38;2;28;27;31mG[0m
      [38;2;28;27;31mG[0m[38;2;28;27;31mG[0m[38;2;28;27;31mG[0m[38;2;28;27;31mG[0m[38;2;28;27;31mG[0m[38;2;28;27;31mG[0m[38;2;28;27;31mG[0m[38;2;190;172;232m![0m[38;2;208;188;255m:[0m[38;2;28;27;31mG[0m[38;2;28;27;31mG[0m[38;2;28;27;31mG[0m[38;2;28;27;31mG[0m[38;2;28;27;31mG[0m[38;2;208;188;255m:[0m[38;2;208;188;255m:[0m[38;2;28;27;31mG[0m[38;2;28;27;31mG[0m[38;2;28;27;31mG[0m[38;2;28;27;31mG[0m[38;2;28;27;31mG[0m[38;2;28;27;31mG[0m[38;2;28;27;31mG[0m[38;2;28;27;31mG[0m[38;2;28;27;31mG[0m[38;2;28;27;31mG[0m[38;2;28;27;31mG[0m[38;2;28;27;31mG[0m[38;2;28;27;31mG[0m[38;2;28;27;31mG[0m[38;2;28;27;31mG[0m[38;2;28;27;31mG[0m[38;2;28;27;31mG[0m[38;2;28;27;31mG[0m[38;2;28;27;31mG[0m[38;2;28;27;31mG[0m[38;2;28;27;31mG[0m[38;2;28;27;31mG[0m[38;2;28;27;31mG[0m[38;2;28;27;31mG[0m[38;2;28;27;31mG[0m[38;2;28;27;31mG[0m[38;2;28;27;31mG[0m[38;2;28;27;31mG[0m[38;2;28;27;31mG[0m[38;2;28;27;31mG[0m[38;2;28;27;31mG[0m[38;2;28;27;31mG[0m[38;2;28;27;31mG[0m[38;2;28;27;31mG[0m[38;2;28;27;31mG[0m[38;2;28;27;31mG[0m[38;2;28;27;31mG[0m[38;2;28;27;31mG[0m[38;2;28;27;31mG[0m[38;2;28;27;31mG[0m[38;2;28;27;31mG[0m[38;2;28;27;31mG[0m[38;2;28;27;31mG[0m[38;2;99;99;99mP[0m[38;2;28;27;31mG[0m[38;2;28;27;31mG[0m[38;2;28;27;31mG[0m[38;2;28;27;31mG[0m[38;2;28;27;31mG[0m[38;2;28;27;31mG[0m[38;2;211;196;247m:[0m[38;2;211;196;247m:[0m[38;2;211;196;247m:[0m[38;2;28;27;31mG[0m[38;2;28;27;31mG[0m[38;2;28;27;31mG[0m[38;2;28;27;31mG[0m[38;2;28;27;31mG[0m
      [38;2;28;27;31mG[0m[38;2;28;27;31mG[0m[38;2;28;27;31mG[0m[38;2;28;27;31mG[0m[38;2;28;27;31mG[0m[38;2;28;27;31mG[0m[38;2;28;27;31mG[0m[38;2;208;188;255m:[0m[38;2;112;219;168m![0m[38;2;112;219;168m![0m[38;2;112;219;168m![0m[38;2;28;27;31mG[0m[38;2;28;27;31mG[0m[38;2;28;27;31mG[0m[38;2;28;27;31mG[0m[38;2;208;188;255m:[0m[38;2;28;27;31mG[0m[38;2;28;27;31mG[0m[38;2;28;27;31mG[0m[38;2;28;27;31mG[0m[38;2;28;27;31mG[0m[38;2;28;27;31mG[0m[38;2;28;27;31mG[0m[38;2;28;27;31mG[0m[38;2;28;27;31mG[0m[38;2;28;27;31mG[0m[38;2;28;27;31mG[0m[38;2;28;27;31mG[0m[38;2;28;27;31mG[0m[38;2;28;27;31mG[0m[38;2;28;27;31mG[0m[38;2;28;27;31mG[0m[38;2;28;27;31mG[0m[38;2;28;27;31mG[0m[38;2;28;27;31mG[0m[38;2;28;27;31mG[0m[38;2;28;27;31mG[0m[38;2;28;27;31mG[0m[38;2;28;27;31mG[0m[38;2;28;27;31mG[0m[38;2;28;27;31mG[0m[38;2;28;27;31mG[0m[38;2;28;27;31mG[0m[38;2;28;27;31mG[0m[38;2;28;27;31mG[0m[38;2;28;27;31mG[0m[38;2;28;27;31mG[0m[38;2;28;27;31mG[0m[38;2;28;27;31mG[0m[38;2;28;27;31mG[0m[38;2;28;27;31mG[0m[38;2;28;27;31mG[0m[38;2;28;27;31mG[0m[38;2;28;27;31mG[0m[38;2;28;27;31mG[0m[38;2;28;27;31mG[0m[38;2;28;27;31mG[0m[38;2;28;27;31mG[0m[38;2;211;196;247m:[0m[38;2;211;196;247m:[0m[38;2;211;196;247m:[0m[38;2;28;27;31mG[0m[38;2;28;27;31mG[0m[38;2;28;27;31mG[0m[38;2;28;27;31mG[0m[38;2;28;27;31mG[0m[38;2;211;196;247m:[0m[38;2;211;196;247m:[0m[38;2;211;196;247m:[0m[38;2;105;125;115m?[0m[38;2;125;206;167m![0m[38;2;125;206;167m![0m[38;2;125;206;167m![0m[38;2;28;27;31mG[0m
      [38;2;28;27;31mG[0m[38;2;28;27;31mG[0m[38;2;28;27;31mG[0m[38;2;28;27;31mG[0m[38;2;28;27;31mG[0m[38;2;28;27;31mG[0m[38;2;208;188;255m:[0m[38;2;112;219;168m![0m[38;2;112;219;168m![0m[38;2;28;27;31mG[0m[38;2;28;27;31mG[0m[38;2;112;219;168m![0m[38;2;112;219;168m![0m[38;2;28;27;31mG[0m[38;2;28;27;31mG[0m[38;2;28;27;31mG[0m[38;2;208;188;255m:[0m[38;2;28;27;31mG[0m[38;2;28;27;31mG[0m[38;2;28;27;31mG[0m[38;2;28;27;31mG[0m[38;2;28;27;31mG[0m[38;2;28;27;31mG[0m[38;2;28;27;31mG[0m[38;2;28;27;31mG[0m[38;2;28;27;31mG[0m[38;2;28;27;31mG[0m[38;2;28;27;31mG[0m[38;2;28;27;31mG[0m[38;2;28;27;31mG[0m[38;2;28;27;31mG[0m[38;2;28;27;31mG[0m[38;2;28;27;31mG[0m[38;2;28;27;31mG[0m[38;2;28;27;31mG[0m[38;2;28;27;31mG[0m[38;2;28;27;31mG[0m[38;2;28;27;31mG[0m[38;2;28;27;31mG[0m[38;2;28;27;31mG[0m[38;2;28;27;31mG[0m[38;2;28;27;31mG[0m[38;2;28;27;31mG[0m[38;2;28;27;31mG[0m[38;2;81;81;82mP[0m[38;2;105;125;115m?[0m[38;2;105;125;115m?[0m[38;2;105;125;115m?[0m[38;2;28;27;31mG[0m[38;2;28;27;31mG[0m[38;2;28;27;31mG[0m[38;2;28;27;31mG[0m[38;2;28;27;31mG[0m[38;2;125;206;167m![0m[38;2;125;206;167m![0m[38;2;125;206;167m![0m[38;2;28;27;31mG[0m[38;2;28;27;31mG[0m[38;2;211;196;247m:[0m[38;2;211;196;247m:[0m[38;2;211;196;247m:[0m[38;2;125;206;167m![0m[38;2;125;206;167m![0m[38;2;125;206;167m![0m[38;2;81;81;82mP[0m[38;2;28;27;31mG[0m[38;2;211;196;247m:[0m[38;2;211;196;247m:[0m[38;2;211;196;247m:[0m[38;2;105;125;115m?[0m[38;2;125;206;167m![0m[38;2;125;206;167m![0m[38;2;125;206;167m![0m[38;2;28;27;31mG[0m
      [38;2;28;27;31mG[0m[38;2;28;27;31mG[0m[38;2;208;188;255m:[0m[38;2;28;27;31mG[0m[38;2;112;219;168m![0m[38;2;112;219;168m![0m[38;2;28;27;31mG[0m[38;2;28;27;31mG[0m[38;2;28;27;31mG[0m[38;2;28;27;31mG[0m[38;2;28;27;31mG[0m[38;2;28;27;31mG[0m[38;2;28;27;31mG[0m[38;2;112;219;168m![0m[38;2;28;27;31mG[0m[38;2;28;27;31mG[0m[38;2;208;188;255m:[0m[38;2;208;188;255m:[0m[38;2;28;27;31mG[0m[38;2;28;27;31mG[0m[38;2;28;27;31mG[0m[38;2;87;163;128m?[0m[38;2;112;219;168m![0m[38;2;112;219;168m![0m[38;2;112;219;168m![0m[38;2;112;219;168m![0m[38;2;112;219;168m![0m[38;2;112;219;168m![0m[38;2;112;219;168m![0m[38;2;112;219;168m![0m[38;2;112;219;168m![0m[38;2;112;219;168m![0m[38;2;28;27;31mG[0m[38;2;28;27;31mG[0m[38;2;28;27;31mG[0m[38;2;28;27;31mG[0m[38;2;28;27;31mG[0m[38;2;28;27;31mG[0m[38;2;28;27;31mG[0m[38;2;28;27;31mG[0m[38;2;28;27;31mG[0m[38;2;211;196;247m:[0m[38;2;211;196;247m:[0m[38;2;211;196;247m:[0m[38;2;99;99;99mP[0m[38;2;125;206;167m![0m[38;2;125;206;167m![0m[38;2;125;206;167m![0m[38;2;28;27;31mG[0m[38;2;81;81;82mP[0m[38;2;211;196;247m:[0m[38;2;211;196;247m:[0m[38;2;211;196;247m:[0m[38;2;125;206;167m![0m[38;2;125;206;167m![0m[38;2;125;206;167m![0m[38;2;28;27;31mG[0m[38;2;28;27;31mG[0m[38;2;211;196;247m:[0m[38;2;211;196;247m:[0m[38;2;211;196;247m:[0m[38;2;125;206;167m![0m[38;2;125;206;167m![0m[38;2;125;206;167m![0m[38;2;81;81;82mP[0m[38;2;28;27;31mG[0m[38;2;28;27;31mG[0m[38;2;28;27;31mG[0m[38;2;28;27;31mG[0m[38;2;105;125;115m?[0m[38;2;125;206;167m![0m[38;2;125;206;167m![0m[38;2;125;206;167m![0m[38;2;28;27;31mG[0m
      [38;2;28;27;31mG[0m[38;2;28;27;31mG[0m[38;2;28;27;31mG[0m[38;2;28;27;31mG[0m[38;2;28;27;31mG[0m[38;2;28;27;31mG[0m[38;2;28;27;31mG[0m[38;2;28;27;31mG[0m[38;2;28;27;31mG[0m[38;2;28;27;31mG[0m[38;2;28;27;31mG[0m[38;2;28;27;31mG[0m[38;2;28;27;31mG[0m[38;2;28;27;31mG[0m[38;2;112;219;168m![0m[38;2;112;219;168m![0m[38;2;112;219;168m![0m[38;2;112;219;168m![0m[38;2;112;219;168m![0m[38;2;112;219;168m![0m[38;2;28;27;31mG[0m[38;2;28;27;31mG[0m[38;2;28;27;31mG[0m[38;2;28;27;31mG[0m[38;2;28;27;31mG[0m[38;2;28;27;31mG[0m[38;2;208;188;255m:[0m[38;2;208;188;255m:[0m[38;2;208;188;255m:[0m[38;2;208;188;255m:[0m[38;2;208;188;255m:[0m[38;2;208;188;255m:[0m[38;2;28;27;31mG[0m[38;2;28;27;31mG[0m[38;2;28;27;31mG[0m[38;2;28;27;31mG[0m[38;2;28;27;31mG[0m[38;2;28;27;31mG[0m[38;2;28;27;31mG[0m[38;2;28;27;31mG[0m[38;2;28;27;31mG[0m[38;2;28;27;31mG[0m[38;2;28;27;31mG[0m[38;2;28;27;31mG[0m[38;2;28;27;31mG[0m[38;2;28;27;31mG[0m[38;2;28;27;31mG[0m[38;2;28;27;31mG[0m[38;2;28;27;31mG[0m[38;2;28;27;31mG[0m[38;2;28;27;31mG[0m[38;2;28;27;31mG[0m[38;2;28;27;31mG[0m[38;2;28;27;31mG[0m[38;2;28;27;31mG[0m[38;2;28;27;31mG[0m[38;2;28;27;31mG[0m[38;2;28;27;31mG[0m[38;2;28;27;31mG[0m[38;2;99;99;99mP[0m[38;2;28;27;31mG[0m[38;2;28;27;31mG[0m[38;2;28;27;31mG[0m[38;2;28;27;31mG[0m[38;2;28;27;31mG[0m[38;2;28;27;31mG[0m[38;2;28;27;31mG[0m[38;2;28;27;31mG[0m[38;2;28;27;31mG[0m[38;2;28;27;31mG[0m[38;2;28;27;31mG[0m[38;2;28;27;31mG[0m[38;2;28;27;31mG[0m[38;2;28;27;31mG[0m
      [38;2;28;27;31mG[0m[38;2;28;27;31mG[0m[38;2;28;27;31mG[0m[38;2;28;27;31mG[0m[38;2;28;27;31mG[0m[38;2;28;27;31mG[0m[38;2;28;27;31mG[0m[38;2;28;27;31mG[0m[38;2;28;27;31mG[0m[38;2;28;27;31mG[0m[38;2;28;27;31mG[0m[38;2;28;27;31mG[0m[38;2;28;27;31mG[0m[38;2;28;27;31mG[0m[38;2;28;27;31mG[0m[38;2;28;27;31mG[0m[38;2;28;27;31mG[0m[38;2;28;27;31mG[0m[38;2;28;27;31mG[0m[38;2;208;188;255m:[0m[38;2;208;188;255m:[0m[38;2;208;188;255m:[0m[38;2;208;188;255m:[0m[38;2;208;188;255m:[0m[38;2;208;188;255m:[0m[38;2;47;44;55mG[0m[38;2;28;27;31mG[0m[38;2;28;27;31mG[0m[38;2;28;27;31mG[0m[38;2;28;27;31mG[0m[38;2;28;27;31mG[0m[38;2;28;27;31mG[0m[38;2;28;27;31mG[0m[38;2;28;27;31mG[0m[38;2;28;27;31mG[0m[38;2;28;27;31mG[0m[38;2;28;27;31mG[0m[38;2;28;27;31mG[0m[38;2;28;27;31mG[0m[38;2;28;27;31mG[0m[38;2;28;27;31mG[0m[38;2;28;27;31mG[0m[38;2;28;27;31mG[0m[38;2;28;27;31mG[0m[38;2;28;27;31mG[0m[38;2;28;27;31mG[0m[38;2;28;27;31mG[0m[38;2;28;27;31mG[0m[38;2;28;27;31mG[0m[38;2;28;27;31mG[0m[38;2;28;27;31mG[0m[38;2;28;27;31mG[0m[38;2;28;27;31mG[0m[38;2;28;27;31mG[0m[38;2;28;27;31mG[0m[38;2;28;27;31mG[0m[38;2;28;27;31mG[0m[38;2;28;27;31mG[0m[38;2;28;27;31mG[0m[38;2;99;99;99mP[0m[38;2;28;27;31mG[0m[38;2;28;27;31mG[0m[38;2;28;27;31mG[0m[38;2;28;27;31mG[0m[38;2;28;27;31mG[0m[38;2;28;27;31mG[0m[38;2;28;27;31mG[0m[38;2;28;27;31mG[0m[38;2;28;27;31mG[0m[38;2;28;27;31mG[0m[38;2;28;27;31mG[0m[38;2;28;27;31mG[0m[38;2;28;27;31mG[0m[38;2;28;27;31mG[0m
      [38;2;28;27;31mG[0m[38;2;28;27;31mG[0m[38;2;28;27;31mG[0m[38;2;28;27;31mG[0m[38;2;28;27;31mG[0m[38;2;28;27;31mG[0m[38;2;28;27;31mG[0m[38;2;28;27;31mG[0m[38;2;28;27;31mG[0m[38;2;28;27;31mG[0m[38;2;28;27;31mG[0m[38;2;28;27;31mG[0m[38;2;28;27;31mG[0m[38;2;28;27;31mG[0m[38;2;28;27;31mG[0m[38;2;28;27;31mG[0m[38;2;28;27;31mG[0m[38;2;28;27;31mG[0m[38;2;28;27;31mG[0m[38;2;28;27;31mG[0m[38;2;28;27;31mG[0m[38;2;28;27;31mG[0m[38;2;28;27;31mG[0m[38;2;28;27;31mG[0m[38;2;28;27;31mG[0m[38;2;28;27;31mG[0m[38;2;28;27;31mG[0m[38;2;28;27;31mG[0m[38;2;28;27;31mG[0m[38;2;28;27;31mG[0m[38;2;28;27;31mG[0m[38;2;28;27;31mG[0m[38;2;28;27;31mG[0m[38;2;28;27;31mG[0m[38;2;28;27;31mG[0m[38;2;28;27;31mG[0m[38;2;28;27;31mG[0m[38;2;28;27;31mG[0m[38;2;28;27;31mG[0m[38;2;28;27;31mG[0m[38;2;28;27;31mG[0m[38;2;28;27;31mG[0m[38;2;28;27;31mG[0m[38;2;28;27;31mG[0m[38;2;28;27;31mG[0m[38;2;28;27;31mG[0m[38;2;28;27;31mG[0m[38;2;28;27;31mG[0m[38;2;28;27;31mG[0m[38;2;28;27;31mG[0m[38;2;28;27;31mG[0m[38;2;28;27;31mG[0m[38;2;28;27;31mG[0m[38;2;28;27;31mG[0m[38;2;28;27;31mG[0m[38;2;28;27;31mG[0m[38;2;28;27;31mG[0m[38;2;28;27;31mG[0m[38;2;28;27;31mG[0m[38;2;28;27;31mG[0m[38;2;28;27;31mG[0m[38;2;28;27;31mG[0m[38;2;28;27;31mG[0m[38;2;28;27;31mG[0m[38;2;28;27;31mG[0m[38;2;28;27;31mG[0m[38;2;28;27;31mG[0m[38;2;28;27;31mG[0m[38;2;28;27;31mG[0m[38;2;28;27;31mG[0m[38;2;28;27;31mG[0m[38;2;28;27;31mG[0m[38;2;28;27;31mG[0m[38;2;28;27;31mG[0m
